116.50.138.95 - - [29/Sep/2019:12:52:22 +0800] "GET /user/login HTTP/1.1" 200 2356 "-" "Mozilla/5.0 (Windows NT 6.1; Win64; x64) AppleWebKit/537.36 (KHTML, like Gecko) Chrome/76.0.3809.132 Safari/537.36"
116.50.138.95 - - [29/Sep/2019:12:52:22 +0800] "GET /static/assets/css/bootstrap.min.css HTTP/1.1" 200 21643 "http://154.91.171.228:9898/user/login" "Mozilla/5.0 (Windows NT 6.1; Win64; x64) AppleWebKit/537.36 (KHTML, like Gecko) Chrome/76.0.3809.132 Safari/537.36"
116.50.138.95 - - [29/Sep/2019:12:52:22 +0800] "GET /static/assets/vendors/jquery-3.1.1.min.js HTTP/1.1" 200 33856 "http://154.91.171.228:9898/user/login" "Mozilla/5.0 (Windows NT 6.1; Win64; x64) AppleWebKit/537.36 (KHTML, like Gecko) Chrome/76.0.3809.132 Safari/537.36"
116.50.138.95 - - [29/Sep/2019:12:52:22 +0800] "GET /static/assets/img/logintitle.png HTTP/1.1" 200 4402 "http://154.91.171.228:9898/user/login" "Mozilla/5.0 (Windows NT 6.1; Win64; x64) AppleWebKit/537.36 (KHTML, like Gecko) Chrome/76.0.3809.132 Safari/537.36"
116.50.138.95 - - [29/Sep/2019:12:52:22 +0800] "GET /static/assets/vendors/bootstrap.min.js HTTP/1.1" 200 11307 "http://154.91.171.228:9898/user/login" "Mozilla/5.0 (Windows NT 6.1; Win64; x64) AppleWebKit/537.36 (KHTML, like Gecko) Chrome/76.0.3809.132 Safari/537.36"
116.50.138.95 - - [29/Sep/2019:12:52:22 +0800] "GET /static/assets/vendors/layer.js HTTP/1.1" 200 6260 "http://154.91.171.228:9898/user/login" "Mozilla/5.0 (Windows NT 6.1; Win64; x64) AppleWebKit/537.36 (KHTML, like Gecko) Chrome/76.0.3809.132 Safari/537.36"
116.50.138.95 - - [29/Sep/2019:12:52:22 +0800] "GET /static/assets/css/layer.css HTTP/1.1" 200 2726 "http://154.91.171.228:9898/user/login" "Mozilla/5.0 (Windows NT 6.1; Win64; x64) AppleWebKit/537.36 (KHTML, like Gecko) Chrome/76.0.3809.132 Safari/537.36"
116.50.138.95 - - [29/Sep/2019:12:52:22 +0800] "GET /static/assets/img/laginpw.png HTTP/1.1" 200 1779 "http://154.91.171.228:9898/user/login" "Mozilla/5.0 (Windows NT 6.1; Win64; x64) AppleWebKit/537.36 (KHTML, like Gecko) Chrome/76.0.3809.132 Safari/537.36"
116.50.138.95 - - [29/Sep/2019:12:52:22 +0800] "GET /static/assets/img/loginuser.png HTTP/1.1" 200 1512 "http://154.91.171.228:9898/user/login" "Mozilla/5.0 (Windows NT 6.1; Win64; x64) AppleWebKit/537.36 (KHTML, like Gecko) Chrome/76.0.3809.132 Safari/537.36"
116.50.138.95 - - [29/Sep/2019:12:52:24 +0800] "GET /user/verifycode?0.5299199203779243 HTTP/1.1" 200 2223 "http://154.91.171.228:9898/user/login" "Mozilla/5.0 (Windows NT 6.1; Win64; x64) AppleWebKit/537.36 (KHTML, like Gecko) Chrome/76.0.3809.132 Safari/537.36"
116.50.138.95 - - [29/Sep/2019:12:52:25 +0800] "GET /static/assets/img/b.jpg HTTP/1.1" 200 483800 "http://154.91.171.228:9898/user/login" "Mozilla/5.0 (Windows NT 6.1; Win64; x64) AppleWebKit/537.36 (KHTML, like Gecko) Chrome/76.0.3809.132 Safari/537.36"
116.50.138.95 - - [29/Sep/2019:12:52:25 +0800] "GET /static/assets/img/favicon.ico HTTP/1.1" 200 1150 "http://154.91.171.228:9898/user/login" "Mozilla/5.0 (Windows NT 6.1; Win64; x64) AppleWebKit/537.36 (KHTML, like Gecko) Chrome/76.0.3809.132 Safari/537.36"
113.61.46.156 - - [29/Sep/2019:12:54:29 +0800] "GET /favicon.ico HTTP/1.1" 404 85 "-" "Mozilla/5.0 (Windows NT 10.0; WOW64) AppleWebKit/537.36 (KHTML, like Gecko) Chrome/69.0.3497.100 Safari/537.36"
113.61.46.156 - - [29/Sep/2019:12:54:29 +0800] "GET /user/login HTTP/1.1" 200 2355 "-" "Mozilla/5.0 (Windows NT 10.0; WOW64) AppleWebKit/537.36 (KHTML, like Gecko) Chrome/69.0.3497.100 Safari/537.36"
113.61.46.156 - - [29/Sep/2019:12:54:29 +0800] "GET /static/assets/css/bootstrap.min.css HTTP/1.1" 200 21643 "http://154.91.171.228:9898/user/login" "Mozilla/5.0 (Windows NT 10.0; WOW64) AppleWebKit/537.36 (KHTML, like Gecko) Chrome/69.0.3497.100 Safari/537.36"
113.61.46.156 - - [29/Sep/2019:12:54:29 +0800] "GET /static/assets/vendors/jquery-3.1.1.min.js HTTP/1.1" 200 33856 "http://154.91.171.228:9898/user/login" "Mozilla/5.0 (Windows NT 10.0; WOW64) AppleWebKit/537.36 (KHTML, like Gecko) Chrome/69.0.3497.100 Safari/537.36"
113.61.46.156 - - [29/Sep/2019:12:54:29 +0800] "GET /static/assets/img/logintitle.png HTTP/1.1" 200 4402 "http://154.91.171.228:9898/user/login" "Mozilla/5.0 (Windows NT 10.0; WOW64) AppleWebKit/537.36 (KHTML, like Gecko) Chrome/69.0.3497.100 Safari/537.36"
113.61.46.156 - - [29/Sep/2019:12:54:29 +0800] "GET /static/assets/vendors/bootstrap.min.js HTTP/1.1" 200 11307 "http://154.91.171.228:9898/user/login" "Mozilla/5.0 (Windows NT 10.0; WOW64) AppleWebKit/537.36 (KHTML, like Gecko) Chrome/69.0.3497.100 Safari/537.36"
113.61.46.156 - - [29/Sep/2019:12:54:29 +0800] "GET /static/assets/vendors/layer.js HTTP/1.1" 200 6260 "http://154.91.171.228:9898/user/login" "Mozilla/5.0 (Windows NT 10.0; WOW64) AppleWebKit/537.36 (KHTML, like Gecko) Chrome/69.0.3497.100 Safari/537.36"
113.61.46.156 - - [29/Sep/2019:12:54:30 +0800] "GET /static/assets/css/layer.css HTTP/1.1" 200 2726 "http://154.91.171.228:9898/user/login" "Mozilla/5.0 (Windows NT 10.0; WOW64) AppleWebKit/537.36 (KHTML, like Gecko) Chrome/69.0.3497.100 Safari/537.36"
113.61.46.156 - - [29/Sep/2019:12:54:30 +0800] "GET /static/assets/img/laginpw.png HTTP/1.1" 200 1779 "http://154.91.171.228:9898/user/login" "Mozilla/5.0 (Windows NT 10.0; WOW64) AppleWebKit/537.36 (KHTML, like Gecko) Chrome/69.0.3497.100 Safari/537.36"
113.61.46.156 - - [29/Sep/2019:12:54:30 +0800] "GET /static/assets/img/loginuser.png HTTP/1.1" 200 1512 "http://154.91.171.228:9898/user/login" "Mozilla/5.0 (Windows NT 10.0; WOW64) AppleWebKit/537.36 (KHTML, like Gecko) Chrome/69.0.3497.100 Safari/537.36"
113.61.46.156 - - [29/Sep/2019:12:54:31 +0800] "GET /static/assets/img/b.jpg HTTP/1.1" 200 483800 "http://154.91.171.228:9898/user/login" "Mozilla/5.0 (Windows NT 10.0; WOW64) AppleWebKit/537.36 (KHTML, like Gecko) Chrome/69.0.3497.100 Safari/537.36"
113.61.46.156 - - [29/Sep/2019:12:54:33 +0800] "GET /user/verifycode?0.4251295929374834 HTTP/1.1" 200 2187 "http://154.91.171.228:9898/user/login" "Mozilla/5.0 (Windows NT 10.0; WOW64) AppleWebKit/537.36 (KHTML, like Gecko) Chrome/69.0.3497.100 Safari/537.36"
113.61.46.156 - - [29/Sep/2019:12:54:33 +0800] "GET /static/assets/img/favicon.ico HTTP/1.1" 200 1150 "http://154.91.171.228:9898/user/login" "Mozilla/5.0 (Windows NT 10.0; WOW64) AppleWebKit/537.36 (KHTML, like Gecko) Chrome/69.0.3497.100 Safari/537.36"
180.163.220.4 - - [29/Sep/2019:12:54:37 +0800] "GET / HTTP/1.1" 404 74 "-" "Mozilla/5.0 (Linux; U; Android 8.1.0; zh-CN; EML-AL00 Build/HUAWEIEML-AL00) AppleWebKit/537.36 (KHTML, like Gecko) Version/4.0 Chrome/57.0.2987.108 baidu.sogo.uc.UCBrowser/11.9.4.974 UWS/2.13.1.48 Mobile Safari/537.36 AliApp(DingTalk/4.5.11) com.alibaba.android.rimet/10487439 Channel/227200 language/zh-CN"
180.163.220.4 - - [29/Sep/2019:12:54:38 +0800] "GET / HTTP/1.1" 404 74 "http://www.baidu.com/" "Mozilla/5.0 (Linux; U; Android 8.1.0; zh-CN; EML-AL00 Build/HUAWEIEML-AL00) AppleWebKit/537.36 (KHTML, like Gecko) Version/4.0 Chrome/57.0.2987.108 baidu.sogo.uc.UCBrowser/11.9.4.974 UWS/2.13.1.48 Mobile Safari/537.36 AliApp(DingTalk/4.5.11) com.alibaba.android.rimet/10487439 Channel/227200 language/zh-CN"
42.236.10.75 - - [29/Sep/2019:12:54:39 +0800] "GET /user/login HTTP/1.1" 200 2354 "-" "Mozilla/5.0 (Linux; U; Android 8.1.0; zh-CN; EML-AL00 Build/HUAWEIEML-AL00) AppleWebKit/537.36 (KHTML, like Gecko) Version/4.0 Chrome/57.0.2987.108 baidu.sogo.uc.UCBrowser/11.9.4.974 UWS/2.13.1.48 Mobile Safari/537.36 AliApp(DingTalk/4.5.11) com.alibaba.android.rimet/10487439 Channel/227200 language/zh-CN"
42.236.10.75 - - [29/Sep/2019:12:54:41 +0800] "GET /user/login HTTP/1.1" 200 2353 "http://www.baidu.com/" "Mozilla/5.0 (Linux; U; Android 8.1.0; zh-CN; EML-AL00 Build/HUAWEIEML-AL00) AppleWebKit/537.36 (KHTML, like Gecko) Version/4.0 Chrome/57.0.2987.108 baidu.sogo.uc.UCBrowser/11.9.4.974 UWS/2.13.1.48 Mobile Safari/537.36 AliApp(DingTalk/4.5.11) com.alibaba.android.rimet/10487439 Channel/227200 language/zh-CN"
42.236.10.75 - - [29/Sep/2019:12:54:42 +0800] "GET /static/assets/css/bootstrap.min.css HTTP/1.1" 200 21643 "http://154.91.171.228:9898/user/login" "Mozilla/5.0 (Linux; U; Android 8.1.0; zh-CN; EML-AL00 Build/HUAWEIEML-AL00) AppleWebKit/537.36 (KHTML, like Gecko) Version/4.0 Chrome/57.0.2987.108 baidu.sogo.uc.UCBrowser/11.9.4.974 UWS/2.13.1.48 Mobile Safari/537.36 AliApp(DingTalk/4.5.11) com.alibaba.android.rimet/10487439 Channel/227200 language/zh-CN"
42.236.10.84 - - [29/Sep/2019:12:54:43 +0800] "GET /static/assets/vendors/bootstrap.min.js HTTP/1.1" 200 11307 "http://154.91.171.228:9898/user/login" "Mozilla/5.0 (Linux; U; Android 8.1.0; zh-CN; EML-AL00 Build/HUAWEIEML-AL00) AppleWebKit/537.36 (KHTML, like Gecko) Version/4.0 Chrome/57.0.2987.108 baidu.sogo.uc.UCBrowser/11.9.4.974 UWS/2.13.1.48 Mobile Safari/537.36 AliApp(DingTalk/4.5.11) com.alibaba.android.rimet/10487439 Channel/227200 language/zh-CN"
42.236.10.93 - - [29/Sep/2019:12:54:43 +0800] "GET /static/assets/vendors/jquery-3.1.1.min.js HTTP/1.1" 200 33856 "http://154.91.171.228:9898/user/login" "Mozilla/5.0 (Linux; U; Android 8.1.0; zh-CN; EML-AL00 Build/HUAWEIEML-AL00) AppleWebKit/537.36 (KHTML, like Gecko) Version/4.0 Chrome/57.0.2987.108 baidu.sogo.uc.UCBrowser/11.9.4.974 UWS/2.13.1.48 Mobile Safari/537.36 AliApp(DingTalk/4.5.11) com.alibaba.android.rimet/10487439 Channel/227200 language/zh-CN"
42.236.10.93 - - [29/Sep/2019:12:54:43 +0800] "GET /static/assets/vendors/layer.js HTTP/1.1" 200 6260 "http://154.91.171.228:9898/user/login" "Mozilla/5.0 (Linux; U; Android 8.1.0; zh-CN; EML-AL00 Build/HUAWEIEML-AL00) AppleWebKit/537.36 (KHTML, like Gecko) Version/4.0 Chrome/57.0.2987.108 baidu.sogo.uc.UCBrowser/11.9.4.974 UWS/2.13.1.48 Mobile Safari/537.36 AliApp(DingTalk/4.5.11) com.alibaba.android.rimet/10487439 Channel/227200 language/zh-CN"
42.236.10.78 - - [29/Sep/2019:12:54:43 +0800] "GET /static/assets/img/logintitle.png HTTP/1.1" 200 4402 "http://154.91.171.228:9898/user/login" "Mozilla/5.0 (Linux; U; Android 8.1.0; zh-CN; EML-AL00 Build/HUAWEIEML-AL00) AppleWebKit/537.36 (KHTML, like Gecko) Version/4.0 Chrome/57.0.2987.108 baidu.sogo.uc.UCBrowser/11.9.4.974 UWS/2.13.1.48 Mobile Safari/537.36 AliApp(DingTalk/4.5.11) com.alibaba.android.rimet/10487439 Channel/227200 language/zh-CN"
113.61.46.156 - - [29/Sep/2019:12:54:43 +0800] "POST /user/login HTTP/1.1" 200 2362 "http://154.91.171.228:9898/user/login" "Mozilla/5.0 (Windows NT 10.0; WOW64) AppleWebKit/537.36 (KHTML, like Gecko) Chrome/69.0.3497.100 Safari/537.36"
113.61.46.156 - - [29/Sep/2019:12:54:43 +0800] "POST /user/login HTTP/1.1" 200 2363 "http://154.91.171.228:9898/user/login" "Mozilla/5.0 (Windows NT 10.0; WOW64) AppleWebKit/537.36 (KHTML, like Gecko) Chrome/69.0.3497.100 Safari/537.36"
113.61.46.156 - - [29/Sep/2019:12:54:43 +0800] "GET /user/verifycode?0.6159149830090564 HTTP/1.1" 200 2577 "http://154.91.171.228:9898/user/login" "Mozilla/5.0 (Windows NT 10.0; WOW64) AppleWebKit/537.36 (KHTML, like Gecko) Chrome/69.0.3497.100 Safari/537.36"
42.236.10.93 - - [29/Sep/2019:12:54:45 +0800] "GET /static/assets/css/layer.css HTTP/1.1" 200 2726 "http://154.91.171.228:9898/user/login" "Mozilla/5.0 (Linux; U; Android 8.1.0; zh-CN; EML-AL00 Build/HUAWEIEML-AL00) AppleWebKit/537.36 (KHTML, like Gecko) Version/4.0 Chrome/57.0.2987.108 baidu.sogo.uc.UCBrowser/11.9.4.974 UWS/2.13.1.48 Mobile Safari/537.36 AliApp(DingTalk/4.5.11) com.alibaba.android.rimet/10487439 Channel/227200 language/zh-CN"
42.236.10.93 - - [29/Sep/2019:12:54:45 +0800] "GET /static/assets/img/loginuser.png HTTP/1.1" 200 1512 "http://154.91.171.228:9898/user/login" "Mozilla/5.0 (Linux; U; Android 8.1.0; zh-CN; EML-AL00 Build/HUAWEIEML-AL00) AppleWebKit/537.36 (KHTML, like Gecko) Version/4.0 Chrome/57.0.2987.108 baidu.sogo.uc.UCBrowser/11.9.4.974 UWS/2.13.1.48 Mobile Safari/537.36 AliApp(DingTalk/4.5.11) com.alibaba.android.rimet/10487439 Channel/227200 language/zh-CN"
42.236.10.78 - - [29/Sep/2019:12:54:45 +0800] "GET /static/assets/img/laginpw.png HTTP/1.1" 200 1779 "http://154.91.171.228:9898/user/login" "Mozilla/5.0 (Linux; U; Android 8.1.0; zh-CN; EML-AL00 Build/HUAWEIEML-AL00) AppleWebKit/537.36 (KHTML, like Gecko) Version/4.0 Chrome/57.0.2987.108 baidu.sogo.uc.UCBrowser/11.9.4.974 UWS/2.13.1.48 Mobile Safari/537.36 AliApp(DingTalk/4.5.11) com.alibaba.android.rimet/10487439 Channel/227200 language/zh-CN"
42.236.10.75 - - [29/Sep/2019:12:54:46 +0800] "GET /static/assets/img/b.jpg HTTP/1.1" 200 483800 "http://154.91.171.228:9898/user/login" "Mozilla/5.0 (Linux; U; Android 8.1.0; zh-CN; EML-AL00 Build/HUAWEIEML-AL00) AppleWebKit/537.36 (KHTML, like Gecko) Version/4.0 Chrome/57.0.2987.108 baidu.sogo.uc.UCBrowser/11.9.4.974 UWS/2.13.1.48 Mobile Safari/537.36 AliApp(DingTalk/4.5.11) com.alibaba.android.rimet/10487439 Channel/227200 language/zh-CN"
42.236.10.78 - - [29/Sep/2019:12:54:47 +0800] "GET /user/verifycode?0.42444105581556646 HTTP/1.1" 200 2308 "http://154.91.171.228:9898/user/login" "Mozilla/5.0 (Linux; U; Android 8.1.0; zh-CN; EML-AL00 Build/HUAWEIEML-AL00) AppleWebKit/537.36 (KHTML, like Gecko) Version/4.0 Chrome/57.0.2987.108 baidu.sogo.uc.UCBrowser/11.9.4.974 UWS/2.13.1.48 Mobile Safari/537.36 AliApp(DingTalk/4.5.11) com.alibaba.android.rimet/10487439 Channel/227200 language/zh-CN"
42.236.10.114 - - [29/Sep/2019:12:54:54 +0800] "GET / HTTP/1.1" 404 74 "-" "Mozilla/5.0 (Linux; U; Android 8.1.0; zh-CN; EML-AL00 Build/HUAWEIEML-AL00) AppleWebKit/537.36 (KHTML, like Gecko) Version/4.0 Chrome/57.0.2987.108 baidu.sogo.uc.UCBrowser/11.9.4.974 UWS/2.13.1.48 Mobile Safari/537.36 AliApp(DingTalk/4.5.11) com.alibaba.android.rimet/10487439 Channel/227200 language/zh-CN"
42.236.10.114 - - [29/Sep/2019:12:54:58 +0800] "GET / HTTP/1.1" 404 74 "http://www.baidu.com/" "Mozilla/5.0 (Linux; U; Android 8.1.0; zh-CN; EML-AL00 Build/HUAWEIEML-AL00) AppleWebKit/537.36 (KHTML, like Gecko) Version/4.0 Chrome/57.0.2987.108 baidu.sogo.uc.UCBrowser/11.9.4.974 UWS/2.13.1.48 Mobile Safari/537.36 AliApp(DingTalk/4.5.11) com.alibaba.android.rimet/10487439 Channel/227200 language/zh-CN"
113.61.46.156 - - [29/Sep/2019:12:55:06 +0800] "POST /user/login HTTP/1.1" 499 0 "http://154.91.171.228:9898/user/login" "Mozilla/5.0 (Windows NT 10.0; WOW64) AppleWebKit/537.36 (KHTML, like Gecko) Chrome/69.0.3497.100 Safari/537.36"
113.61.46.156 - - [29/Sep/2019:12:55:08 +0800] "POST /user/login HTTP/1.1" 302 0 "http://154.91.171.228:9898/user/login" "Mozilla/5.0 (Windows NT 10.0; WOW64) AppleWebKit/537.36 (KHTML, like Gecko) Chrome/69.0.3497.100 Safari/537.36"
113.61.46.156 - - [29/Sep/2019:12:55:08 +0800] "GET /major/index HTTP/1.1" 200 2012 "http://154.91.171.228:9898/user/login" "Mozilla/5.0 (Windows NT 10.0; WOW64) AppleWebKit/537.36 (KHTML, like Gecko) Chrome/69.0.3497.100 Safari/537.36"
113.61.46.156 - - [29/Sep/2019:12:55:08 +0800] "GET /static/assets/css/datepicker.css HTTP/1.1" 200 4420 "http://154.91.171.228:9898/major/index" "Mozilla/5.0 (Windows NT 10.0; WOW64) AppleWebKit/537.36 (KHTML, like Gecko) Chrome/69.0.3497.100 Safari/537.36"
113.61.46.156 - - [29/Sep/2019:12:55:08 +0800] "GET /static/assets/css/index.css HTTP/1.1" 200 2925 "http://154.91.171.228:9898/major/index" "Mozilla/5.0 (Windows NT 10.0; WOW64) AppleWebKit/537.36 (KHTML, like Gecko) Chrome/69.0.3497.100 Safari/537.36"
113.61.46.156 - - [29/Sep/2019:12:55:08 +0800] "GET /static/assets/css/amaze.css HTTP/1.1" 200 67417 "http://154.91.171.228:9898/major/index" "Mozilla/5.0 (Windows NT 10.0; WOW64) AppleWebKit/537.36 (KHTML, like Gecko) Chrome/69.0.3497.100 Safari/537.36"
113.61.46.156 - - [29/Sep/2019:12:55:08 +0800] "GET /static/assets/vendors/perfect-scrollbar.jquery.min.js HTTP/1.1" 200 7417 "http://154.91.171.228:9898/major/index" "Mozilla/5.0 (Windows NT 10.0; WOW64) AppleWebKit/537.36 (KHTML, like Gecko) Chrome/69.0.3497.100 Safari/537.36"
113.61.46.156 - - [29/Sep/2019:12:55:08 +0800] "GET /static/assets/vendors/datepicker.all.min.js HTTP/1.1" 200 13066 "http://154.91.171.228:9898/major/index" "Mozilla/5.0 (Windows NT 10.0; WOW64) AppleWebKit/537.36 (KHTML, like Gecko) Chrome/69.0.3497.100 Safari/537.36"
113.61.46.156 - - [29/Sep/2019:12:55:08 +0800] "GET /static/assets/js/amaze.js HTTP/1.1" 200 2759 "http://154.91.171.228:9898/major/index" "Mozilla/5.0 (Windows NT 10.0; WOW64) AppleWebKit/537.36 (KHTML, like Gecko) Chrome/69.0.3497.100 Safari/537.36"
113.61.46.156 - - [29/Sep/2019:12:55:08 +0800] "GET /static/assets/vendors/moment.min.js HTTP/1.1" 200 22403 "http://154.91.171.228:9898/major/index" "Mozilla/5.0 (Windows NT 10.0; WOW64) AppleWebKit/537.36 (KHTML, like Gecko) Chrome/69.0.3497.100 Safari/537.36"
113.61.46.156 - - [29/Sep/2019:12:55:08 +0800] "GET /static/assets/js/index.js HTTP/1.1" 200 1060 "http://154.91.171.228:9898/major/index" "Mozilla/5.0 (Windows NT 10.0; WOW64) AppleWebKit/537.36 (KHTML, like Gecko) Chrome/69.0.3497.100 Safari/537.36"
113.61.46.156 - - [29/Sep/2019:12:55:09 +0800] "GET /static/assets/img/homeb3.jpg HTTP/1.1" 200 13429 "http://154.91.171.228:9898/static/assets/css/index.css" "Mozilla/5.0 (Windows NT 10.0; WOW64) AppleWebKit/537.36 (KHTML, like Gecko) Chrome/69.0.3497.100 Safari/537.36"
113.61.46.156 - - [29/Sep/2019:12:55:09 +0800] "GET /static/assets/img/homeb2.jpg HTTP/1.1" 200 9366 "http://154.91.171.228:9898/static/assets/css/index.css" "Mozilla/5.0 (Windows NT 10.0; WOW64) AppleWebKit/537.36 (KHTML, like Gecko) Chrome/69.0.3497.100 Safari/537.36"
113.61.46.156 - - [29/Sep/2019:12:55:09 +0800] "GET /static/assets/img/homeb1.jpg HTTP/1.1" 200 9977 "http://154.91.171.228:9898/static/assets/css/index.css" "Mozilla/5.0 (Windows NT 10.0; WOW64) AppleWebKit/537.36 (KHTML, like Gecko) Chrome/69.0.3497.100 Safari/537.36"
113.61.46.156 - - [29/Sep/2019:12:55:09 +0800] "GET /static/assets/img/logouticon.jpg HTTP/1.1" 200 2140 "http://154.91.171.228:9898/static/assets/css/index.css" "Mozilla/5.0 (Windows NT 10.0; WOW64) AppleWebKit/537.36 (KHTML, like Gecko) Chrome/69.0.3497.100 Safari/537.36"
113.61.46.156 - - [29/Sep/2019:12:55:09 +0800] "GET /static/assets/img/holdericon.jpg HTTP/1.1" 200 2784 "http://154.91.171.228:9898/static/assets/css/index.css" "Mozilla/5.0 (Windows NT 10.0; WOW64) AppleWebKit/537.36 (KHTML, like Gecko) Chrome/69.0.3497.100 Safari/537.36"
113.61.46.156 - - [29/Sep/2019:12:55:09 +0800] "GET /static/assets/img/seticon.jpg HTTP/1.1" 200 2736 "http://154.91.171.228:9898/static/assets/css/index.css" "Mozilla/5.0 (Windows NT 10.0; WOW64) AppleWebKit/537.36 (KHTML, like Gecko) Chrome/69.0.3497.100 Safari/537.36"
113.61.46.156 - - [29/Sep/2019:12:55:09 +0800] "GET /static/assets/img/msgicon.jpg HTTP/1.1" 200 3378 "http://154.91.171.228:9898/static/assets/css/index.css" "Mozilla/5.0 (Windows NT 10.0; WOW64) AppleWebKit/537.36 (KHTML, like Gecko) Chrome/69.0.3497.100 Safari/537.36"
113.61.46.156 - - [29/Sep/2019:12:55:09 +0800] "GET /static/assets/img/homeicon.jpg HTTP/1.1" 200 2901 "http://154.91.171.228:9898/static/assets/css/index.css" "Mozilla/5.0 (Windows NT 10.0; WOW64) AppleWebKit/537.36 (KHTML, like Gecko) Chrome/69.0.3497.100 Safari/537.36"
113.61.46.156 - - [29/Sep/2019:12:55:09 +0800] "GET /static/assets/img/upldicon.jpg HTTP/1.1" 200 2788 "http://154.91.171.228:9898/static/assets/css/index.css" "Mozilla/5.0 (Windows NT 10.0; WOW64) AppleWebKit/537.36 (KHTML, like Gecko) Chrome/69.0.3497.100 Safari/537.36"
113.61.46.156 - - [29/Sep/2019:12:55:09 +0800] "GET /static/assets/img/usericon.jpg HTTP/1.1" 200 3177 "http://154.91.171.228:9898/static/assets/css/index.css" "Mozilla/5.0 (Windows NT 10.0; WOW64) AppleWebKit/537.36 (KHTML, like Gecko) Chrome/69.0.3497.100 Safari/537.36"
113.61.46.156 - - [29/Sep/2019:12:55:09 +0800] "GET /static/assets/img/searchicon.jpg HTTP/1.1" 200 3266 "http://154.91.171.228:9898/static/assets/css/index.css" "Mozilla/5.0 (Windows NT 10.0; WOW64) AppleWebKit/537.36 (KHTML, like Gecko) Chrome/69.0.3497.100 Safari/537.36"
42.236.10.114 - - [29/Sep/2019:12:55:13 +0800] "GET /major/index HTTP/1.1" 302 0 "-" "Mozilla/5.0 (Linux; U; Android 8.1.0; zh-CN; EML-AL00 Build/HUAWEIEML-AL00) AppleWebKit/537.36 (KHTML, like Gecko) Version/4.0 Chrome/57.0.2987.108 baidu.sogo.uc.UCBrowser/11.9.4.974 UWS/2.13.1.48 Mobile Safari/537.36 AliApp(DingTalk/4.5.11) com.alibaba.android.rimet/10487439 Channel/227200 language/zh-CN"
42.236.10.114 - - [29/Sep/2019:12:55:14 +0800] "GET /major/index HTTP/1.1" 302 0 "http://www.baidu.com/" "Mozilla/5.0 (Linux; U; Android 8.1.0; zh-CN; EML-AL00 Build/HUAWEIEML-AL00) AppleWebKit/537.36 (KHTML, like Gecko) Version/4.0 Chrome/57.0.2987.108 baidu.sogo.uc.UCBrowser/11.9.4.974 UWS/2.13.1.48 Mobile Safari/537.36 AliApp(DingTalk/4.5.11) com.alibaba.android.rimet/10487439 Channel/227200 language/zh-CN"
42.236.10.114 - - [29/Sep/2019:12:55:15 +0800] "GET /user/login?next=/major/index HTTP/1.1" 200 2355 "http://www.baidu.com/" "Mozilla/5.0 (Linux; U; Android 8.1.0; zh-CN; EML-AL00 Build/HUAWEIEML-AL00) AppleWebKit/537.36 (KHTML, like Gecko) Version/4.0 Chrome/57.0.2987.108 baidu.sogo.uc.UCBrowser/11.9.4.974 UWS/2.13.1.48 Mobile Safari/537.36 AliApp(DingTalk/4.5.11) com.alibaba.android.rimet/10487439 Channel/227200 language/zh-CN"
42.236.10.114 - - [29/Sep/2019:12:55:15 +0800] "GET /static/assets/css/bootstrap.min.css HTTP/1.1" 200 21643 "http://154.91.171.228:9898/user/login?next=/major/index" "Mozilla/5.0 (Linux; U; Android 8.1.0; zh-CN; EML-AL00 Build/HUAWEIEML-AL00) AppleWebKit/537.36 (KHTML, like Gecko) Version/4.0 Chrome/57.0.2987.108 baidu.sogo.uc.UCBrowser/11.9.4.974 UWS/2.13.1.48 Mobile Safari/537.36 AliApp(DingTalk/4.5.11) com.alibaba.android.rimet/10487439 Channel/227200 language/zh-CN"
42.236.10.114 - - [29/Sep/2019:12:55:15 +0800] "GET /static/assets/vendors/bootstrap.min.js HTTP/1.1" 200 11307 "http://154.91.171.228:9898/user/login?next=/major/index" "Mozilla/5.0 (Linux; U; Android 8.1.0; zh-CN; EML-AL00 Build/HUAWEIEML-AL00) AppleWebKit/537.36 (KHTML, like Gecko) Version/4.0 Chrome/57.0.2987.108 baidu.sogo.uc.UCBrowser/11.9.4.974 UWS/2.13.1.48 Mobile Safari/537.36 AliApp(DingTalk/4.5.11) com.alibaba.android.rimet/10487439 Channel/227200 language/zh-CN"
42.236.10.117 - - [29/Sep/2019:12:55:15 +0800] "GET /static/assets/vendors/jquery-3.1.1.min.js HTTP/1.1" 200 33856 "http://154.91.171.228:9898/user/login?next=/major/index" "Mozilla/5.0 (Linux; U; Android 8.1.0; zh-CN; EML-AL00 Build/HUAWEIEML-AL00) AppleWebKit/537.36 (KHTML, like Gecko) Version/4.0 Chrome/57.0.2987.108 baidu.sogo.uc.UCBrowser/11.9.4.974 UWS/2.13.1.48 Mobile Safari/537.36 AliApp(DingTalk/4.5.11) com.alibaba.android.rimet/10487439 Channel/227200 language/zh-CN"
42.236.10.125 - - [29/Sep/2019:12:55:15 +0800] "GET /static/assets/vendors/layer.js HTTP/1.1" 200 6260 "http://154.91.171.228:9898/user/login?next=/major/index" "Mozilla/5.0 (Linux; U; Android 8.1.0; zh-CN; EML-AL00 Build/HUAWEIEML-AL00) AppleWebKit/537.36 (KHTML, like Gecko) Version/4.0 Chrome/57.0.2987.108 baidu.sogo.uc.UCBrowser/11.9.4.974 UWS/2.13.1.48 Mobile Safari/537.36 AliApp(DingTalk/4.5.11) com.alibaba.android.rimet/10487439 Channel/227200 language/zh-CN"
42.236.10.117 - - [29/Sep/2019:12:55:16 +0800] "GET /static/assets/img/logintitle.png HTTP/1.1" 200 4402 "http://154.91.171.228:9898/user/login?next=/major/index" "Mozilla/5.0 (Linux; U; Android 8.1.0; zh-CN; EML-AL00 Build/HUAWEIEML-AL00) AppleWebKit/537.36 (KHTML, like Gecko) Version/4.0 Chrome/57.0.2987.108 baidu.sogo.uc.UCBrowser/11.9.4.974 UWS/2.13.1.48 Mobile Safari/537.36 AliApp(DingTalk/4.5.11) com.alibaba.android.rimet/10487439 Channel/227200 language/zh-CN"
42.236.10.125 - - [29/Sep/2019:12:55:16 +0800] "GET /static/assets/css/layer.css HTTP/1.1" 200 2726 "http://154.91.171.228:9898/user/login?next=/major/index" "Mozilla/5.0 (Linux; U; Android 8.1.0; zh-CN; EML-AL00 Build/HUAWEIEML-AL00) AppleWebKit/537.36 (KHTML, like Gecko) Version/4.0 Chrome/57.0.2987.108 baidu.sogo.uc.UCBrowser/11.9.4.974 UWS/2.13.1.48 Mobile Safari/537.36 AliApp(DingTalk/4.5.11) com.alibaba.android.rimet/10487439 Channel/227200 language/zh-CN"
42.236.10.117 - - [29/Sep/2019:12:55:16 +0800] "GET /static/assets/img/laginpw.png HTTP/1.1" 200 1779 "http://154.91.171.228:9898/user/login?next=/major/index" "Mozilla/5.0 (Linux; U; Android 8.1.0; zh-CN; EML-AL00 Build/HUAWEIEML-AL00) AppleWebKit/537.36 (KHTML, like Gecko) Version/4.0 Chrome/57.0.2987.108 baidu.sogo.uc.UCBrowser/11.9.4.974 UWS/2.13.1.48 Mobile Safari/537.36 AliApp(DingTalk/4.5.11) com.alibaba.android.rimet/10487439 Channel/227200 language/zh-CN"
42.236.10.114 - - [29/Sep/2019:12:55:16 +0800] "GET /static/assets/img/loginuser.png HTTP/1.1" 200 1512 "http://154.91.171.228:9898/user/login?next=/major/index" "Mozilla/5.0 (Linux; U; Android 8.1.0; zh-CN; EML-AL00 Build/HUAWEIEML-AL00) AppleWebKit/537.36 (KHTML, like Gecko) Version/4.0 Chrome/57.0.2987.108 baidu.sogo.uc.UCBrowser/11.9.4.974 UWS/2.13.1.48 Mobile Safari/537.36 AliApp(DingTalk/4.5.11) com.alibaba.android.rimet/10487439 Channel/227200 language/zh-CN"
42.236.10.114 - - [29/Sep/2019:12:55:16 +0800] "GET /user/verifycode?0.8916390712567086 HTTP/1.1" 200 2262 "http://154.91.171.228:9898/user/login?next=/major/index" "Mozilla/5.0 (Linux; U; Android 8.1.0; zh-CN; EML-AL00 Build/HUAWEIEML-AL00) AppleWebKit/537.36 (KHTML, like Gecko) Version/4.0 Chrome/57.0.2987.108 baidu.sogo.uc.UCBrowser/11.9.4.974 UWS/2.13.1.48 Mobile Safari/537.36 AliApp(DingTalk/4.5.11) com.alibaba.android.rimet/10487439 Channel/227200 language/zh-CN"
42.236.10.125 - - [29/Sep/2019:12:55:18 +0800] "GET /static/assets/img/b.jpg HTTP/1.1" 200 483800 "http://154.91.171.228:9898/user/login?next=/major/index" "Mozilla/5.0 (Linux; U; Android 8.1.0; zh-CN; EML-AL00 Build/HUAWEIEML-AL00) AppleWebKit/537.36 (KHTML, like Gecko) Version/4.0 Chrome/57.0.2987.108 baidu.sogo.uc.UCBrowser/11.9.4.974 UWS/2.13.1.48 Mobile Safari/537.36 AliApp(DingTalk/4.5.11) com.alibaba.android.rimet/10487439 Channel/227200 language/zh-CN"
113.61.46.156 - - [29/Sep/2019:12:56:28 +0800] "GET /user/mdfuser/1 HTTP/1.1" 200 3917 "http://154.91.171.228:9898/major/index" "Mozilla/5.0 (Windows NT 10.0; WOW64) AppleWebKit/537.36 (KHTML, like Gecko) Chrome/69.0.3497.100 Safari/537.36"
113.61.46.156 - - [29/Sep/2019:12:56:28 +0800] "GET /static/assets/img/edit.jpg HTTP/1.1" 200 2614 "http://154.91.171.228:9898/user/mdfuser/1" "Mozilla/5.0 (Windows NT 10.0; WOW64) AppleWebKit/537.36 (KHTML, like Gecko) Chrome/69.0.3497.100 Safari/537.36"
113.61.46.156 - - [29/Sep/2019:12:56:28 +0800] "GET /static/assets/img/delete-icon.jpg HTTP/1.1" 200 3458 "http://154.91.171.228:9898/user/mdfuser/1" "Mozilla/5.0 (Windows NT 10.0; WOW64) AppleWebKit/537.36 (KHTML, like Gecko) Chrome/69.0.3497.100 Safari/537.36"
113.61.46.156 - - [29/Sep/2019:12:56:28 +0800] "GET /static/assets/img/search-icon.jpg HTTP/1.1" 200 1927 "http://154.91.171.228:9898/static/assets/css/index.css" "Mozilla/5.0 (Windows NT 10.0; WOW64) AppleWebKit/537.36 (KHTML, like Gecko) Chrome/69.0.3497.100 Safari/537.36"
113.61.46.156 - - [29/Sep/2019:12:56:28 +0800] "GET /static/assets/img/list.png HTTP/1.1" 200 1805 "http://154.91.171.228:9898/static/assets/css/index.css" "Mozilla/5.0 (Windows NT 10.0; WOW64) AppleWebKit/537.36 (KHTML, like Gecko) Chrome/69.0.3497.100 Safari/537.36"
113.61.46.156 - - [29/Sep/2019:12:56:28 +0800] "GET /static/assets/img/updatepw.png HTTP/1.1" 200 1959 "http://154.91.171.228:9898/static/assets/css/index.css" "Mozilla/5.0 (Windows NT 10.0; WOW64) AppleWebKit/537.36 (KHTML, like Gecko) Chrome/69.0.3497.100 Safari/537.36"
180.163.220.5 - - [29/Sep/2019:12:56:35 +0800] "GET /user/mdfuser/1 HTTP/1.1" 302 0 "-" "Mozilla/5.0 (Linux; U; Android 8.1.0; zh-CN; EML-AL00 Build/HUAWEIEML-AL00) AppleWebKit/537.36 (KHTML, like Gecko) Version/4.0 Chrome/57.0.2987.108 baidu.sogo.uc.UCBrowser/11.9.4.974 UWS/2.13.1.48 Mobile Safari/537.36 AliApp(DingTalk/4.5.11) com.alibaba.android.rimet/10487439 Channel/227200 language/zh-CN"
116.50.138.95 - - [29/Sep/2019:12:56:39 +0800] "GET /user/verifycode?0.5043946879069845 HTTP/1.1" 200 2240 "http://154.91.171.228:9898/user/login" "Mozilla/5.0 (Windows NT 6.1; Win64; x64) AppleWebKit/537.36 (KHTML, like Gecko) Chrome/76.0.3809.132 Safari/537.36"
180.163.220.66 - - [29/Sep/2019:12:56:41 +0800] "GET /user/mdfuser/1 HTTP/1.1" 302 0 "http://www.baidu.com/" "Mozilla/5.0 (Linux; U; Android 8.1.0; zh-CN; EML-AL00 Build/HUAWEIEML-AL00) AppleWebKit/537.36 (KHTML, like Gecko) Version/4.0 Chrome/57.0.2987.108 baidu.sogo.uc.UCBrowser/11.9.4.974 UWS/2.13.1.48 Mobile Safari/537.36 AliApp(DingTalk/4.5.11) com.alibaba.android.rimet/10487439 Channel/227200 language/zh-CN"
180.163.220.3 - - [29/Sep/2019:12:56:44 +0800] "GET /user/login?next=/user/mdfuser/1 HTTP/1.1" 200 2355 "http://www.baidu.com/" "Mozilla/5.0 (Linux; U; Android 8.1.0; zh-CN; EML-AL00 Build/HUAWEIEML-AL00) AppleWebKit/537.36 (KHTML, like Gecko) Version/4.0 Chrome/57.0.2987.108 baidu.sogo.uc.UCBrowser/11.9.4.974 UWS/2.13.1.48 Mobile Safari/537.36 AliApp(DingTalk/4.5.11) com.alibaba.android.rimet/10487439 Channel/227200 language/zh-CN"
116.50.138.95 - - [29/Sep/2019:12:56:47 +0800] "GET /user/verifycode?0.6375901278548672 HTTP/1.1" 200 2290 "http://154.91.171.228:9898/user/login" "Mozilla/5.0 (Windows NT 6.1; Win64; x64) AppleWebKit/537.36 (KHTML, like Gecko) Chrome/76.0.3809.132 Safari/537.36"
113.61.46.156 - - [29/Sep/2019:12:56:47 +0800] "POST /user/mdfuser/1 HTTP/1.1" 200 46 "http://154.91.171.228:9898/user/mdfuser/1" "Mozilla/5.0 (Windows NT 10.0; WOW64) AppleWebKit/537.36 (KHTML, like Gecko) Chrome/69.0.3497.100 Safari/537.36"
180.163.220.3 - - [29/Sep/2019:12:56:49 +0800] "GET /static/assets/css/bootstrap.min.css HTTP/1.1" 200 21643 "http://154.91.171.228:9898/user/login?next=/user/mdfuser/1" "Mozilla/5.0 (Linux; U; Android 8.1.0; zh-CN; EML-AL00 Build/HUAWEIEML-AL00) AppleWebKit/537.36 (KHTML, like Gecko) Version/4.0 Chrome/57.0.2987.108 baidu.sogo.uc.UCBrowser/11.9.4.974 UWS/2.13.1.48 Mobile Safari/537.36 AliApp(DingTalk/4.5.11) com.alibaba.android.rimet/10487439 Channel/227200 language/zh-CN"
180.163.220.66 - - [29/Sep/2019:12:56:50 +0800] "GET /static/assets/vendors/bootstrap.min.js HTTP/1.1" 200 11307 "http://154.91.171.228:9898/user/login?next=/user/mdfuser/1" "Mozilla/5.0 (Linux; U; Android 8.1.0; zh-CN; EML-AL00 Build/HUAWEIEML-AL00) AppleWebKit/537.36 (KHTML, like Gecko) Version/4.0 Chrome/57.0.2987.108 baidu.sogo.uc.UCBrowser/11.9.4.974 UWS/2.13.1.48 Mobile Safari/537.36 AliApp(DingTalk/4.5.11) com.alibaba.android.rimet/10487439 Channel/227200 language/zh-CN"
180.163.220.67 - - [29/Sep/2019:12:56:50 +0800] "GET /static/assets/vendors/jquery-3.1.1.min.js HTTP/1.1" 200 33856 "http://154.91.171.228:9898/user/login?next=/user/mdfuser/1" "Mozilla/5.0 (Linux; U; Android 8.1.0; zh-CN; EML-AL00 Build/HUAWEIEML-AL00) AppleWebKit/537.36 (KHTML, like Gecko) Version/4.0 Chrome/57.0.2987.108 baidu.sogo.uc.UCBrowser/11.9.4.974 UWS/2.13.1.48 Mobile Safari/537.36 AliApp(DingTalk/4.5.11) com.alibaba.android.rimet/10487439 Channel/227200 language/zh-CN"
180.163.220.4 - - [29/Sep/2019:12:56:50 +0800] "GET /static/assets/vendors/layer.js HTTP/1.1" 200 6260 "http://154.91.171.228:9898/user/login?next=/user/mdfuser/1" "Mozilla/5.0 (Linux; U; Android 8.1.0; zh-CN; EML-AL00 Build/HUAWEIEML-AL00) AppleWebKit/537.36 (KHTML, like Gecko) Version/4.0 Chrome/57.0.2987.108 baidu.sogo.uc.UCBrowser/11.9.4.974 UWS/2.13.1.48 Mobile Safari/537.36 AliApp(DingTalk/4.5.11) com.alibaba.android.rimet/10487439 Channel/227200 language/zh-CN"
180.163.220.67 - - [29/Sep/2019:12:56:51 +0800] "GET /static/assets/img/logintitle.png HTTP/1.1" 200 4402 "http://154.91.171.228:9898/user/login?next=/user/mdfuser/1" "Mozilla/5.0 (Linux; U; Android 8.1.0; zh-CN; EML-AL00 Build/HUAWEIEML-AL00) AppleWebKit/537.36 (KHTML, like Gecko) Version/4.0 Chrome/57.0.2987.108 baidu.sogo.uc.UCBrowser/11.9.4.974 UWS/2.13.1.48 Mobile Safari/537.36 AliApp(DingTalk/4.5.11) com.alibaba.android.rimet/10487439 Channel/227200 language/zh-CN"
116.50.138.95 - - [29/Sep/2019:12:56:52 +0800] "GET /user/login HTTP/1.1" 200 2353 "-" "Mozilla/5.0 (Windows NT 6.1; Win64; x64) AppleWebKit/537.36 (KHTML, like Gecko) Chrome/76.0.3809.132 Safari/537.36"
113.61.46.156 - - [29/Sep/2019:12:56:52 +0800] "GET /user/group/1 HTTP/1.1" 200 4208 "http://154.91.171.228:9898/user/mdfuser/1" "Mozilla/5.0 (Windows NT 10.0; WOW64) AppleWebKit/537.36 (KHTML, like Gecko) Chrome/69.0.3497.100 Safari/537.36"
113.61.46.156 - - [29/Sep/2019:12:56:54 +0800] "GET /user/mdfuser/1 HTTP/1.1" 200 3914 "http://154.91.171.228:9898/user/group/1" "Mozilla/5.0 (Windows NT 10.0; WOW64) AppleWebKit/537.36 (KHTML, like Gecko) Chrome/69.0.3497.100 Safari/537.36"
116.50.138.95 - - [29/Sep/2019:12:56:55 +0800] "GET /user/verifycode?0.7775849904979533 HTTP/1.1" 200 2578 "http://154.91.171.228:9898/user/login" "Mozilla/5.0 (Windows NT 6.1; Win64; x64) AppleWebKit/537.36 (KHTML, like Gecko) Chrome/76.0.3809.132 Safari/537.36"
116.50.138.95 - - [29/Sep/2019:12:56:55 +0800] "GET /static/assets/img/favicon.ico HTTP/1.1" 200 1150 "http://154.91.171.228:9898/user/login" "Mozilla/5.0 (Windows NT 6.1; Win64; x64) AppleWebKit/537.36 (KHTML, like Gecko) Chrome/76.0.3809.132 Safari/537.36"
180.163.220.67 - - [29/Sep/2019:12:56:57 +0800] "GET /user/group/1 HTTP/1.1" 302 0 "-" "Mozilla/5.0 (Linux; U; Android 8.1.0; zh-CN; EML-AL00 Build/HUAWEIEML-AL00) AppleWebKit/537.36 (KHTML, like Gecko) Version/4.0 Chrome/57.0.2987.108 baidu.sogo.uc.UCBrowser/11.9.4.974 UWS/2.13.1.48 Mobile Safari/537.36 AliApp(DingTalk/4.5.11) com.alibaba.android.rimet/10487439 Channel/227200 language/zh-CN"
180.163.220.67 - - [29/Sep/2019:12:56:58 +0800] "GET /user/group/1 HTTP/1.1" 302 0 "http://www.baidu.com/" "Mozilla/5.0 (Linux; U; Android 8.1.0; zh-CN; EML-AL00 Build/HUAWEIEML-AL00) AppleWebKit/537.36 (KHTML, like Gecko) Version/4.0 Chrome/57.0.2987.108 baidu.sogo.uc.UCBrowser/11.9.4.974 UWS/2.13.1.48 Mobile Safari/537.36 AliApp(DingTalk/4.5.11) com.alibaba.android.rimet/10487439 Channel/227200 language/zh-CN"
180.163.220.67 - - [29/Sep/2019:12:56:58 +0800] "GET /user/login?next=/user/group/1 HTTP/1.1" 200 2357 "http://www.baidu.com/" "Mozilla/5.0 (Linux; U; Android 8.1.0; zh-CN; EML-AL00 Build/HUAWEIEML-AL00) AppleWebKit/537.36 (KHTML, like Gecko) Version/4.0 Chrome/57.0.2987.108 baidu.sogo.uc.UCBrowser/11.9.4.974 UWS/2.13.1.48 Mobile Safari/537.36 AliApp(DingTalk/4.5.11) com.alibaba.android.rimet/10487439 Channel/227200 language/zh-CN"
180.163.220.67 - - [29/Sep/2019:12:56:58 +0800] "GET /static/assets/css/bootstrap.min.css HTTP/1.1" 200 21643 "http://154.91.171.228:9898/user/login?next=/user/group/1" "Mozilla/5.0 (Linux; U; Android 8.1.0; zh-CN; EML-AL00 Build/HUAWEIEML-AL00) AppleWebKit/537.36 (KHTML, like Gecko) Version/4.0 Chrome/57.0.2987.108 baidu.sogo.uc.UCBrowser/11.9.4.974 UWS/2.13.1.48 Mobile Safari/537.36 AliApp(DingTalk/4.5.11) com.alibaba.android.rimet/10487439 Channel/227200 language/zh-CN"
180.163.220.3 - - [29/Sep/2019:12:56:58 +0800] "GET /static/assets/vendors/bootstrap.min.js HTTP/1.1" 200 11307 "http://154.91.171.228:9898/user/login?next=/user/group/1" "Mozilla/5.0 (Linux; U; Android 8.1.0; zh-CN; EML-AL00 Build/HUAWEIEML-AL00) AppleWebKit/537.36 (KHTML, like Gecko) Version/4.0 Chrome/57.0.2987.108 baidu.sogo.uc.UCBrowser/11.9.4.974 UWS/2.13.1.48 Mobile Safari/537.36 AliApp(DingTalk/4.5.11) com.alibaba.android.rimet/10487439 Channel/227200 language/zh-CN"
180.163.220.67 - - [29/Sep/2019:12:56:58 +0800] "GET /static/assets/vendors/jquery-3.1.1.min.js HTTP/1.1" 200 33856 "http://154.91.171.228:9898/user/login?next=/user/group/1" "Mozilla/5.0 (Linux; U; Android 8.1.0; zh-CN; EML-AL00 Build/HUAWEIEML-AL00) AppleWebKit/537.36 (KHTML, like Gecko) Version/4.0 Chrome/57.0.2987.108 baidu.sogo.uc.UCBrowser/11.9.4.974 UWS/2.13.1.48 Mobile Safari/537.36 AliApp(DingTalk/4.5.11) com.alibaba.android.rimet/10487439 Channel/227200 language/zh-CN"
180.163.220.68 - - [29/Sep/2019:12:56:58 +0800] "GET /static/assets/vendors/layer.js HTTP/1.1" 200 6260 "http://154.91.171.228:9898/user/login?next=/user/group/1" "Mozilla/5.0 (Linux; U; Android 8.1.0; zh-CN; EML-AL00 Build/HUAWEIEML-AL00) AppleWebKit/537.36 (KHTML, like Gecko) Version/4.0 Chrome/57.0.2987.108 baidu.sogo.uc.UCBrowser/11.9.4.974 UWS/2.13.1.48 Mobile Safari/537.36 AliApp(DingTalk/4.5.11) com.alibaba.android.rimet/10487439 Channel/227200 language/zh-CN"
180.163.220.67 - - [29/Sep/2019:12:56:58 +0800] "GET /static/assets/img/logintitle.png HTTP/1.1" 200 4402 "http://154.91.171.228:9898/user/login?next=/user/group/1" "Mozilla/5.0 (Linux; U; Android 8.1.0; zh-CN; EML-AL00 Build/HUAWEIEML-AL00) AppleWebKit/537.36 (KHTML, like Gecko) Version/4.0 Chrome/57.0.2987.108 baidu.sogo.uc.UCBrowser/11.9.4.974 UWS/2.13.1.48 Mobile Safari/537.36 AliApp(DingTalk/4.5.11) com.alibaba.android.rimet/10487439 Channel/227200 language/zh-CN"
180.163.220.67 - - [29/Sep/2019:12:56:59 +0800] "GET /static/assets/css/layer.css HTTP/1.1" 200 2726 "http://154.91.171.228:9898/user/login?next=/user/group/1" "Mozilla/5.0 (Linux; U; Android 8.1.0; zh-CN; EML-AL00 Build/HUAWEIEML-AL00) AppleWebKit/537.36 (KHTML, like Gecko) Version/4.0 Chrome/57.0.2987.108 baidu.sogo.uc.UCBrowser/11.9.4.974 UWS/2.13.1.48 Mobile Safari/537.36 AliApp(DingTalk/4.5.11) com.alibaba.android.rimet/10487439 Channel/227200 language/zh-CN"
180.163.220.67 - - [29/Sep/2019:12:56:59 +0800] "GET /static/assets/img/loginuser.png HTTP/1.1" 200 1512 "http://154.91.171.228:9898/user/login?next=/user/group/1" "Mozilla/5.0 (Linux; U; Android 8.1.0; zh-CN; EML-AL00 Build/HUAWEIEML-AL00) AppleWebKit/537.36 (KHTML, like Gecko) Version/4.0 Chrome/57.0.2987.108 baidu.sogo.uc.UCBrowser/11.9.4.974 UWS/2.13.1.48 Mobile Safari/537.36 AliApp(DingTalk/4.5.11) com.alibaba.android.rimet/10487439 Channel/227200 language/zh-CN"
180.163.220.68 - - [29/Sep/2019:12:56:59 +0800] "GET /static/assets/img/laginpw.png HTTP/1.1" 200 1779 "http://154.91.171.228:9898/user/login?next=/user/group/1" "Mozilla/5.0 (Linux; U; Android 8.1.0; zh-CN; EML-AL00 Build/HUAWEIEML-AL00) AppleWebKit/537.36 (KHTML, like Gecko) Version/4.0 Chrome/57.0.2987.108 baidu.sogo.uc.UCBrowser/11.9.4.974 UWS/2.13.1.48 Mobile Safari/537.36 AliApp(DingTalk/4.5.11) com.alibaba.android.rimet/10487439 Channel/227200 language/zh-CN"
180.163.220.3 - - [29/Sep/2019:12:56:59 +0800] "GET /static/assets/css/layer.css HTTP/1.1" 200 2726 "http://154.91.171.228:9898/user/login?next=/user/mdfuser/1" "Mozilla/5.0 (Linux; U; Android 8.1.0; zh-CN; EML-AL00 Build/HUAWEIEML-AL00) AppleWebKit/537.36 (KHTML, like Gecko) Version/4.0 Chrome/57.0.2987.108 baidu.sogo.uc.UCBrowser/11.9.4.974 UWS/2.13.1.48 Mobile Safari/537.36 AliApp(DingTalk/4.5.11) com.alibaba.android.rimet/10487439 Channel/227200 language/zh-CN"
116.50.138.95 - - [29/Sep/2019:12:57:00 +0800] "GET /user/verifycode?0.4239869887264289 HTTP/1.1" 200 2181 "http://154.91.171.228:9898/user/login" "Mozilla/5.0 (Windows NT 6.1; Win64; x64) AppleWebKit/537.36 (KHTML, like Gecko) Chrome/76.0.3809.132 Safari/537.36"
113.61.46.156 - - [29/Sep/2019:12:57:01 +0800] "GET /major/index HTTP/1.1" 200 2012 "http://154.91.171.228:9898/user/mdfuser/1" "Mozilla/5.0 (Windows NT 10.0; WOW64) AppleWebKit/537.36 (KHTML, like Gecko) Chrome/69.0.3497.100 Safari/537.36"
180.163.220.3 - - [29/Sep/2019:12:57:02 +0800] "GET /static/assets/img/loginuser.png HTTP/1.1" 200 1512 "http://154.91.171.228:9898/user/login?next=/user/mdfuser/1" "Mozilla/5.0 (Linux; U; Android 8.1.0; zh-CN; EML-AL00 Build/HUAWEIEML-AL00) AppleWebKit/537.36 (KHTML, like Gecko) Version/4.0 Chrome/57.0.2987.108 baidu.sogo.uc.UCBrowser/11.9.4.974 UWS/2.13.1.48 Mobile Safari/537.36 AliApp(DingTalk/4.5.11) com.alibaba.android.rimet/10487439 Channel/227200 language/zh-CN"
180.163.220.67 - - [29/Sep/2019:12:57:02 +0800] "GET /static/assets/img/laginpw.png HTTP/1.1" 200 1779 "http://154.91.171.228:9898/user/login?next=/user/mdfuser/1" "Mozilla/5.0 (Linux; U; Android 8.1.0; zh-CN; EML-AL00 Build/HUAWEIEML-AL00) AppleWebKit/537.36 (KHTML, like Gecko) Version/4.0 Chrome/57.0.2987.108 baidu.sogo.uc.UCBrowser/11.9.4.974 UWS/2.13.1.48 Mobile Safari/537.36 AliApp(DingTalk/4.5.11) com.alibaba.android.rimet/10487439 Channel/227200 language/zh-CN"
180.163.220.67 - - [29/Sep/2019:12:57:04 +0800] "GET /user/verifycode?0.8722334497776858 HTTP/1.1" 200 2385 "http://154.91.171.228:9898/user/login?next=/user/group/1" "Mozilla/5.0 (Linux; U; Android 8.1.0; zh-CN; EML-AL00 Build/HUAWEIEML-AL00) AppleWebKit/537.36 (KHTML, like Gecko) Version/4.0 Chrome/57.0.2987.108 baidu.sogo.uc.UCBrowser/11.9.4.974 UWS/2.13.1.48 Mobile Safari/537.36 AliApp(DingTalk/4.5.11) com.alibaba.android.rimet/10487439 Channel/227200 language/zh-CN"
180.163.220.66 - - [29/Sep/2019:12:57:06 +0800] "GET /user/verifycode?0.3509836740658532 HTTP/1.1" 499 0 "http://154.91.171.228:9898/user/login?next=/user/mdfuser/1" "Mozilla/5.0 (Linux; U; Android 8.1.0; zh-CN; EML-AL00 Build/HUAWEIEML-AL00) AppleWebKit/537.36 (KHTML, like Gecko) Version/4.0 Chrome/57.0.2987.108 baidu.sogo.uc.UCBrowser/11.9.4.974 UWS/2.13.1.48 Mobile Safari/537.36 AliApp(DingTalk/4.5.11) com.alibaba.android.rimet/10487439 Channel/227200 language/zh-CN"
180.163.220.67 - - [29/Sep/2019:12:57:06 +0800] "GET /static/assets/img/b.jpg HTTP/1.1" 200 366107 "http://154.91.171.228:9898/user/login?next=/user/mdfuser/1" "Mozilla/5.0 (Linux; U; Android 8.1.0; zh-CN; EML-AL00 Build/HUAWEIEML-AL00) AppleWebKit/537.36 (KHTML, like Gecko) Version/4.0 Chrome/57.0.2987.108 baidu.sogo.uc.UCBrowser/11.9.4.974 UWS/2.13.1.48 Mobile Safari/537.36 AliApp(DingTalk/4.5.11) com.alibaba.android.rimet/10487439 Channel/227200 language/zh-CN"
113.61.46.156 - - [29/Sep/2019:12:57:07 +0800] "GET /major/index HTTP/1.1" 200 2012 "http://154.91.171.228:9898/major/index" "Mozilla/5.0 (Windows NT 10.0; WOW64) AppleWebKit/537.36 (KHTML, like Gecko) Chrome/69.0.3497.100 Safari/537.36"
180.163.220.67 - - [29/Sep/2019:12:57:08 +0800] "GET /static/assets/img/b.jpg HTTP/1.1" 200 483800 "http://154.91.171.228:9898/user/login?next=/user/group/1" "Mozilla/5.0 (Linux; U; Android 8.1.0; zh-CN; EML-AL00 Build/HUAWEIEML-AL00) AppleWebKit/537.36 (KHTML, like Gecko) Version/4.0 Chrome/57.0.2987.108 baidu.sogo.uc.UCBrowser/11.9.4.974 UWS/2.13.1.48 Mobile Safari/537.36 AliApp(DingTalk/4.5.11) com.alibaba.android.rimet/10487439 Channel/227200 language/zh-CN"
116.50.138.95 - - [29/Sep/2019:12:57:11 +0800] "GET /user/verifycode?0.2693138045511607 HTTP/1.1" 200 2581 "http://154.91.171.228:9898/user/login" "Mozilla/5.0 (Windows NT 6.1; Win64; x64) AppleWebKit/537.36 (KHTML, like Gecko) Chrome/76.0.3809.132 Safari/537.36"
116.50.138.95 - - [29/Sep/2019:12:57:31 +0800] "GET /user/verifycode?0.6446637573888951 HTTP/1.1" 499 0 "http://154.91.171.228:9898/user/login" "Mozilla/5.0 (Windows NT 6.1; Win64; x64) AppleWebKit/537.36 (KHTML, like Gecko) Chrome/76.0.3809.132 Safari/537.36"
116.50.138.95 - - [29/Sep/2019:12:57:36 +0800] "GET /user/verifycode?0.9875955717478757 HTTP/1.1" 499 0 "http://154.91.171.228:9898/user/login" "Mozilla/5.0 (Windows NT 6.1; Win64; x64) AppleWebKit/537.36 (KHTML, like Gecko) Chrome/76.0.3809.132 Safari/537.36"
116.50.138.95 - - [29/Sep/2019:12:57:41 +0800] "GET /user/verifycode?0.18074518051937427 HTTP/1.1" 200 2474 "http://154.91.171.228:9898/user/login" "Mozilla/5.0 (Windows NT 6.1; Win64; x64) AppleWebKit/537.36 (KHTML, like Gecko) Chrome/76.0.3809.132 Safari/537.36"
116.50.138.95 - - [29/Sep/2019:12:58:42 +0800] "POST /user/login HTTP/1.1" 302 0 "http://154.91.171.228:9898/user/login" "Mozilla/5.0 (Windows NT 6.1; Win64; x64) AppleWebKit/537.36 (KHTML, like Gecko) Chrome/76.0.3809.132 Safari/537.36"
116.50.138.95 - - [29/Sep/2019:12:58:42 +0800] "GET /major/index HTTP/1.1" 200 2012 "http://154.91.171.228:9898/user/login" "Mozilla/5.0 (Windows NT 6.1; Win64; x64) AppleWebKit/537.36 (KHTML, like Gecko) Chrome/76.0.3809.132 Safari/537.36"
116.50.138.95 - - [29/Sep/2019:12:58:42 +0800] "GET /static/assets/css/datepicker.css HTTP/1.1" 200 4420 "http://154.91.171.228:9898/major/index" "Mozilla/5.0 (Windows NT 6.1; Win64; x64) AppleWebKit/537.36 (KHTML, like Gecko) Chrome/76.0.3809.132 Safari/537.36"
116.50.138.95 - - [29/Sep/2019:12:58:42 +0800] "GET /static/assets/css/index.css HTTP/1.1" 200 2925 "http://154.91.171.228:9898/major/index" "Mozilla/5.0 (Windows NT 6.1; Win64; x64) AppleWebKit/537.36 (KHTML, like Gecko) Chrome/76.0.3809.132 Safari/537.36"
116.50.138.95 - - [29/Sep/2019:12:58:42 +0800] "GET /static/assets/js/amaze.js HTTP/1.1" 200 2759 "http://154.91.171.228:9898/major/index" "Mozilla/5.0 (Windows NT 6.1; Win64; x64) AppleWebKit/537.36 (KHTML, like Gecko) Chrome/76.0.3809.132 Safari/537.36"
116.50.138.95 - - [29/Sep/2019:12:58:42 +0800] "GET /static/assets/vendors/perfect-scrollbar.jquery.min.js HTTP/1.1" 200 7417 "http://154.91.171.228:9898/major/index" "Mozilla/5.0 (Windows NT 6.1; Win64; x64) AppleWebKit/537.36 (KHTML, like Gecko) Chrome/76.0.3809.132 Safari/537.36"
116.50.138.95 - - [29/Sep/2019:12:58:42 +0800] "GET /static/assets/vendors/datepicker.all.min.js HTTP/1.1" 200 13066 "http://154.91.171.228:9898/major/index" "Mozilla/5.0 (Windows NT 6.1; Win64; x64) AppleWebKit/537.36 (KHTML, like Gecko) Chrome/76.0.3809.132 Safari/537.36"
116.50.138.95 - - [29/Sep/2019:12:58:42 +0800] "GET /static/assets/vendors/moment.min.js HTTP/1.1" 200 22403 "http://154.91.171.228:9898/major/index" "Mozilla/5.0 (Windows NT 6.1; Win64; x64) AppleWebKit/537.36 (KHTML, like Gecko) Chrome/76.0.3809.132 Safari/537.36"
116.50.138.95 - - [29/Sep/2019:12:58:42 +0800] "GET /static/assets/js/index.js HTTP/1.1" 200 1060 "http://154.91.171.228:9898/major/index" "Mozilla/5.0 (Windows NT 6.1; Win64; x64) AppleWebKit/537.36 (KHTML, like Gecko) Chrome/76.0.3809.132 Safari/537.36"
116.50.138.95 - - [29/Sep/2019:12:58:43 +0800] "GET /static/assets/css/amaze.css HTTP/1.1" 200 67417 "http://154.91.171.228:9898/major/index" "Mozilla/5.0 (Windows NT 6.1; Win64; x64) AppleWebKit/537.36 (KHTML, like Gecko) Chrome/76.0.3809.132 Safari/537.36"
116.50.138.95 - - [29/Sep/2019:12:58:43 +0800] "GET /static/assets/img/homeicon.jpg HTTP/1.1" 200 2901 "http://154.91.171.228:9898/static/assets/css/index.css" "Mozilla/5.0 (Windows NT 6.1; Win64; x64) AppleWebKit/537.36 (KHTML, like Gecko) Chrome/76.0.3809.132 Safari/537.36"
116.50.138.95 - - [29/Sep/2019:12:58:43 +0800] "GET /static/assets/img/usericon.jpg HTTP/1.1" 200 3177 "http://154.91.171.228:9898/static/assets/css/index.css" "Mozilla/5.0 (Windows NT 6.1; Win64; x64) AppleWebKit/537.36 (KHTML, like Gecko) Chrome/76.0.3809.132 Safari/537.36"
116.50.138.95 - - [29/Sep/2019:12:58:43 +0800] "GET /static/assets/img/searchicon.jpg HTTP/1.1" 200 3266 "http://154.91.171.228:9898/static/assets/css/index.css" "Mozilla/5.0 (Windows NT 6.1; Win64; x64) AppleWebKit/537.36 (KHTML, like Gecko) Chrome/76.0.3809.132 Safari/537.36"
116.50.138.95 - - [29/Sep/2019:12:58:43 +0800] "GET /static/assets/img/upldicon.jpg HTTP/1.1" 200 2788 "http://154.91.171.228:9898/static/assets/css/index.css" "Mozilla/5.0 (Windows NT 6.1; Win64; x64) AppleWebKit/537.36 (KHTML, like Gecko) Chrome/76.0.3809.132 Safari/537.36"
116.50.138.95 - - [29/Sep/2019:12:58:43 +0800] "GET /static/assets/img/msgicon.jpg HTTP/1.1" 200 3378 "http://154.91.171.228:9898/static/assets/css/index.css" "Mozilla/5.0 (Windows NT 6.1; Win64; x64) AppleWebKit/537.36 (KHTML, like Gecko) Chrome/76.0.3809.132 Safari/537.36"
116.50.138.95 - - [29/Sep/2019:12:58:43 +0800] "GET /static/assets/img/holdericon.jpg HTTP/1.1" 200 2784 "http://154.91.171.228:9898/static/assets/css/index.css" "Mozilla/5.0 (Windows NT 6.1; Win64; x64) AppleWebKit/537.36 (KHTML, like Gecko) Chrome/76.0.3809.132 Safari/537.36"
116.50.138.95 - - [29/Sep/2019:12:58:43 +0800] "GET /static/assets/img/homeb3.jpg HTTP/1.1" 200 13429 "http://154.91.171.228:9898/static/assets/css/index.css" "Mozilla/5.0 (Windows NT 6.1; Win64; x64) AppleWebKit/537.36 (KHTML, like Gecko) Chrome/76.0.3809.132 Safari/537.36"
116.50.138.95 - - [29/Sep/2019:12:58:43 +0800] "GET /static/assets/img/homeb1.jpg HTTP/1.1" 200 9977 "http://154.91.171.228:9898/static/assets/css/index.css" "Mozilla/5.0 (Windows NT 6.1; Win64; x64) AppleWebKit/537.36 (KHTML, like Gecko) Chrome/76.0.3809.132 Safari/537.36"
116.50.138.95 - - [29/Sep/2019:12:58:43 +0800] "GET /static/assets/img/homeb2.jpg HTTP/1.1" 200 9366 "http://154.91.171.228:9898/static/assets/css/index.css" "Mozilla/5.0 (Windows NT 6.1; Win64; x64) AppleWebKit/537.36 (KHTML, like Gecko) Chrome/76.0.3809.132 Safari/537.36"
116.50.138.95 - - [29/Sep/2019:12:58:43 +0800] "GET /static/assets/img/logouticon.jpg HTTP/1.1" 200 2140 "http://154.91.171.228:9898/static/assets/css/index.css" "Mozilla/5.0 (Windows NT 6.1; Win64; x64) AppleWebKit/537.36 (KHTML, like Gecko) Chrome/76.0.3809.132 Safari/537.36"
116.50.138.95 - - [29/Sep/2019:12:58:43 +0800] "GET /static/assets/img/seticon.jpg HTTP/1.1" 200 2736 "http://154.91.171.228:9898/static/assets/css/index.css" "Mozilla/5.0 (Windows NT 6.1; Win64; x64) AppleWebKit/537.36 (KHTML, like Gecko) Chrome/76.0.3809.132 Safari/537.36"
116.50.138.95 - - [29/Sep/2019:12:58:43 +0800] "GET /static/assets/css/amaze.css.map HTTP/1.1" 404 548 "-" "Mozilla/5.0 (Windows NT 6.1; Win64; x64) AppleWebKit/537.36 (KHTML, like Gecko) Chrome/76.0.3809.132 Safari/537.36"
116.50.138.95 - - [29/Sep/2019:12:58:57 +0800] "GET /user/logout HTTP/1.1" 302 0 "http://154.91.171.228:9898/major/index" "Mozilla/5.0 (Windows NT 6.1; Win64; x64) AppleWebKit/537.36 (KHTML, like Gecko) Chrome/76.0.3809.132 Safari/537.36"
116.50.138.95 - - [29/Sep/2019:12:58:57 +0800] "GET /user/login HTTP/1.1" 200 2354 "http://154.91.171.228:9898/major/index" "Mozilla/5.0 (Windows NT 6.1; Win64; x64) AppleWebKit/537.36 (KHTML, like Gecko) Chrome/76.0.3809.132 Safari/537.36"
116.50.138.95 - - [29/Sep/2019:12:59:02 +0800] "GET /user/verifycode?0.33767632129385405 HTTP/1.1" 200 2377 "http://154.91.171.228:9898/user/login" "Mozilla/5.0 (Windows NT 6.1; Win64; x64) AppleWebKit/537.36 (KHTML, like Gecko) Chrome/76.0.3809.132 Safari/537.36"
116.50.138.95 - - [29/Sep/2019:12:59:15 +0800] "GET /user/verifycode?0.6665981637892568 HTTP/1.1" 200 2234 "http://154.91.171.228:9898/user/login" "Mozilla/5.0 (Windows NT 6.1; Win64; x64) AppleWebKit/537.36 (KHTML, like Gecko) Chrome/76.0.3809.132 Safari/537.36"
