113.61.46.156 - - [04/Oct/2019:16:16:41 +0800] "GET /major/typemanage/1 HTTP/1.1" 200 2964 "-" "Mozilla/5.0 (Windows NT 10.0; WOW64) AppleWebKit/537.36 (KHTML, like Gecko) Chrome/49.0.2623.110 Safari/537.36"
113.61.46.156 - - [04/Oct/2019:16:16:41 +0800] "GET /static/assets/img/favicon.ico HTTP/1.1" 200 1150 "-" "Mozilla/5.0"
113.61.46.156 - - [04/Oct/2019:16:16:43 +0800] "GET /static/assets/img/favicon.ico HTTP/1.1" 200 1150 "-" "Mozilla/5.0"
113.61.46.156 - - [04/Oct/2019:16:16:43 +0800] "GET /major/uploadData HTTP/1.1" 200 2597 "-" "Mozilla/5.0 (Windows NT 10.0; WOW64) AppleWebKit/537.36 (KHTML, like Gecko) Chrome/49.0.2623.110 Safari/537.36"
113.61.46.156 - - [04/Oct/2019:16:16:43 +0800] "GET /static/assets/img/favicon.ico HTTP/1.1" 200 1150 "-" "Mozilla/5.0"
113.61.46.156 - - [04/Oct/2019:16:18:52 +0800] "POST /major/uploadData HTTP/1.1" 200 2632 "http://154.91.171.228:9898/major/uploadData" "Mozilla/5.0 (Windows NT 10.0; WOW64) AppleWebKit/537.36 (KHTML, like Gecko) Chrome/49.0.2623.110 Safari/537.36"
113.61.46.156 - - [04/Oct/2019:16:18:52 +0800] "GET /static/assets/img/favicon.ico HTTP/1.1" 200 1150 "-" "Mozilla/5.0"
113.61.46.156 - - [04/Oct/2019:16:19:06 +0800] "POST /major/uploadData HTTP/1.1" 200 2611 "http://154.91.171.228:9898/major/uploadData" "Mozilla/5.0 (Windows NT 10.0; WOW64) AppleWebKit/537.36 (KHTML, like Gecko) Chrome/49.0.2623.110 Safari/537.36"
113.61.46.156 - - [04/Oct/2019:16:19:07 +0800] "GET /static/assets/img/favicon.ico HTTP/1.1" 200 1150 "-" "Mozilla/5.0"
113.61.46.156 - - [04/Oct/2019:16:19:09 +0800] "GET /static/assets/img/favicon.ico HTTP/1.1" 200 1150 "-" "Mozilla/5.0"
113.61.46.156 - - [04/Oct/2019:16:19:09 +0800] "GET /major/search HTTP/1.1" 200 4082 "-" "Mozilla/5.0 (Windows NT 10.0; WOW64) AppleWebKit/537.36 (KHTML, like Gecko) Chrome/49.0.2623.110 Safari/537.36"
113.61.46.156 - - [04/Oct/2019:16:19:09 +0800] "GET /static/assets/img/favicon.ico HTTP/1.1" 200 1150 "-" "Mozilla/5.0"
113.61.46.156 - - [04/Oct/2019:16:19:11 +0800] "GET /major/searchiofo/1?searchWord=13134389992+18675482617+13113107626+18675424447+13109300002+18604739534+18537656611+15683685117+16604650469+15534699993+18508765897+15641295278+13235502116+13235502116+16673406656+15696668939+15678711368+18571751813+18627846612+13112166722+17623744881+18565446410+13290836038+18671741787+13260551108+17673657133+15513118323+17635767117&searchCode=1102 HTTP/1.1" 200 4091 "http://154.91.171.228:9898/major/search" "Mozilla/5.0 (Windows NT 10.0; WOW64) AppleWebKit/537.36 (KHTML, like Gecko) Chrome/49.0.2623.110 Safari/537.36"
113.61.46.156 - - [04/Oct/2019:16:19:11 +0800] "GET /static/assets/img/favicon.ico HTTP/1.1" 200 1150 "-" "Mozilla/5.0"
113.61.46.156 - - [04/Oct/2019:16:19:12 +0800] "GET /static/assets/img/favicon.ico HTTP/1.1" 200 1150 "-" "Mozilla/5.0"
113.61.46.156 - - [04/Oct/2019:16:19:12 +0800] "GET /major/batchHandle HTTP/1.1" 200 5056 "-" "Mozilla/5.0 (Windows NT 10.0; WOW64) AppleWebKit/537.36 (KHTML, like Gecko) Chrome/49.0.2623.110 Safari/537.36"
113.61.46.156 - - [04/Oct/2019:16:19:12 +0800] "GET /static/assets/img/favicon.ico HTTP/1.1" 200 1150 "-" "Mozilla/5.0"
113.61.46.156 - - [04/Oct/2019:16:19:14 +0800] "POST /major/batchSearch HTTP/1.1" 200 5054 "http://154.91.171.228:9898/major/batchHandle" "Mozilla/5.0 (Windows NT 10.0; WOW64) AppleWebKit/537.36 (KHTML, like Gecko) Chrome/49.0.2623.110 Safari/537.36"
113.61.46.156 - - [04/Oct/2019:16:19:14 +0800] "GET /static/assets/img/favicon.ico HTTP/1.1" 200 1150 "-" "Mozilla/5.0"
113.61.46.156 - - [04/Oct/2019:16:19:19 +0800] "POST /major/batchSearch HTTP/1.1" 200 5056 "http://154.91.171.228:9898/major/batchSearch" "Mozilla/5.0 (Windows NT 10.0; WOW64) AppleWebKit/537.36 (KHTML, like Gecko) Chrome/49.0.2623.110 Safari/537.36"
113.61.46.156 - - [04/Oct/2019:16:19:19 +0800] "GET /static/assets/img/favicon.ico HTTP/1.1" 200 1150 "-" "Mozilla/5.0"
113.61.46.156 - - [04/Oct/2019:16:19:42 +0800] "POST /major/batchSearch HTTP/1.1" 200 5056 "http://154.91.171.228:9898/major/batchSearch" "Mozilla/5.0 (Windows NT 10.0; WOW64) AppleWebKit/537.36 (KHTML, like Gecko) Chrome/49.0.2623.110 Safari/537.36"
113.61.46.156 - - [04/Oct/2019:16:19:43 +0800] "GET /static/assets/img/favicon.ico HTTP/1.1" 200 1150 "-" "Mozilla/5.0"
113.61.46.156 - - [04/Oct/2019:16:19:44 +0800] "GET /static/assets/img/favicon.ico HTTP/1.1" 200 1150 "-" "Mozilla/5.0"
113.61.46.156 - - [04/Oct/2019:16:19:44 +0800] "GET /major/batchHandle HTTP/1.1" 200 5054 "-" "Mozilla/5.0 (Windows NT 10.0; WOW64) AppleWebKit/537.36 (KHTML, like Gecko) Chrome/49.0.2623.110 Safari/537.36"
113.61.46.156 - - [04/Oct/2019:16:19:44 +0800] "GET /static/assets/img/favicon.ico HTTP/1.1" 200 1150 "-" "Mozilla/5.0"
116.50.138.95 - - [04/Oct/2019:16:20:17 +0800] "GET /user/login HTTP/1.1" 200 2354 "-" "Mozilla/5.0 (Windows NT 6.1; Win64; x64) AppleWebKit/537.36 (KHTML, like Gecko) Chrome/77.0.3865.90 Safari/537.36"
116.50.138.95 - - [04/Oct/2019:16:20:17 +0800] "GET /static/assets/css/bootstrap.min.css HTTP/1.1" 200 21643 "http://154.91.171.228:9898/user/login" "Mozilla/5.0 (Windows NT 6.1; Win64; x64) AppleWebKit/537.36 (KHTML, like Gecko) Chrome/77.0.3865.90 Safari/537.36"
116.50.138.95 - - [04/Oct/2019:16:20:17 +0800] "GET /static/assets/vendors/jquery-3.1.1.min.js HTTP/1.1" 200 33856 "http://154.91.171.228:9898/user/login" "Mozilla/5.0 (Windows NT 6.1; Win64; x64) AppleWebKit/537.36 (KHTML, like Gecko) Chrome/77.0.3865.90 Safari/537.36"
116.50.138.95 - - [04/Oct/2019:16:20:17 +0800] "GET /static/assets/img/logintitle.png HTTP/1.1" 200 4402 "http://154.91.171.228:9898/user/login" "Mozilla/5.0 (Windows NT 6.1; Win64; x64) AppleWebKit/537.36 (KHTML, like Gecko) Chrome/77.0.3865.90 Safari/537.36"
116.50.138.95 - - [04/Oct/2019:16:20:17 +0800] "GET /static/assets/vendors/bootstrap.min.js HTTP/1.1" 200 11307 "http://154.91.171.228:9898/user/login" "Mozilla/5.0 (Windows NT 6.1; Win64; x64) AppleWebKit/537.36 (KHTML, like Gecko) Chrome/77.0.3865.90 Safari/537.36"
116.50.138.95 - - [04/Oct/2019:16:20:17 +0800] "GET /static/assets/vendors/layer.js HTTP/1.1" 200 6260 "http://154.91.171.228:9898/user/login" "Mozilla/5.0 (Windows NT 6.1; Win64; x64) AppleWebKit/537.36 (KHTML, like Gecko) Chrome/77.0.3865.90 Safari/537.36"
116.50.138.95 - - [04/Oct/2019:16:20:17 +0800] "GET /static/assets/css/layer.css HTTP/1.1" 200 2726 "http://154.91.171.228:9898/user/login" "Mozilla/5.0 (Windows NT 6.1; Win64; x64) AppleWebKit/537.36 (KHTML, like Gecko) Chrome/77.0.3865.90 Safari/537.36"
116.50.138.95 - - [04/Oct/2019:16:20:17 +0800] "GET /static/assets/img/loginuser.png HTTP/1.1" 200 1512 "http://154.91.171.228:9898/user/login" "Mozilla/5.0 (Windows NT 6.1; Win64; x64) AppleWebKit/537.36 (KHTML, like Gecko) Chrome/77.0.3865.90 Safari/537.36"
116.50.138.95 - - [04/Oct/2019:16:20:17 +0800] "GET /static/assets/img/laginpw.png HTTP/1.1" 200 1779 "http://154.91.171.228:9898/user/login" "Mozilla/5.0 (Windows NT 6.1; Win64; x64) AppleWebKit/537.36 (KHTML, like Gecko) Chrome/77.0.3865.90 Safari/537.36"
113.61.46.156 - - [04/Oct/2019:16:20:18 +0800] "POST /major/batchSearch HTTP/1.1" 200 5053 "http://154.91.171.228:9898/major/batchHandle" "Mozilla/5.0 (Windows NT 10.0; WOW64) AppleWebKit/537.36 (KHTML, like Gecko) Chrome/49.0.2623.110 Safari/537.36"
116.50.138.95 - - [04/Oct/2019:16:20:18 +0800] "GET /user/verifycode?0.27800095954552595 HTTP/1.1" 200 1860 "http://154.91.171.228:9898/user/login" "Mozilla/5.0 (Windows NT 6.1; Win64; x64) AppleWebKit/537.36 (KHTML, like Gecko) Chrome/77.0.3865.90 Safari/537.36"
113.61.46.156 - - [04/Oct/2019:16:20:18 +0800] "GET /static/assets/img/favicon.ico HTTP/1.1" 200 1150 "-" "Mozilla/5.0"
116.50.138.95 - - [04/Oct/2019:16:20:20 +0800] "GET /static/assets/img/b.jpg HTTP/1.1" 200 483800 "http://154.91.171.228:9898/user/login" "Mozilla/5.0 (Windows NT 6.1; Win64; x64) AppleWebKit/537.36 (KHTML, like Gecko) Chrome/77.0.3865.90 Safari/537.36"
116.50.138.95 - - [04/Oct/2019:16:20:20 +0800] "GET /static/assets/img/favicon.ico HTTP/1.1" 200 1150 "http://154.91.171.228:9898/user/login" "Mozilla/5.0 (Windows NT 6.1; Win64; x64) AppleWebKit/537.36 (KHTML, like Gecko) Chrome/77.0.3865.90 Safari/537.36"
113.61.46.156 - - [04/Oct/2019:16:20:21 +0800] "GET /static/assets/img/favicon.ico HTTP/1.1" 200 1150 "-" "Mozilla/5.0"
113.61.46.156 - - [04/Oct/2019:16:20:21 +0800] "GET /major/search HTTP/1.1" 200 4081 "-" "Mozilla/5.0 (Windows NT 10.0; WOW64) AppleWebKit/537.36 (KHTML, like Gecko) Chrome/49.0.2623.110 Safari/537.36"
113.61.46.156 - - [04/Oct/2019:16:20:21 +0800] "GET /static/assets/img/favicon.ico HTTP/1.1" 200 1150 "-" "Mozilla/5.0"
113.61.46.156 - - [04/Oct/2019:16:20:22 +0800] "GET /major/searchiofo/1?searchWord=13134389992&searchCode=1102 HTTP/1.1" 200 4761 "http://154.91.171.228:9898/major/search" "Mozilla/5.0 (Windows NT 10.0; WOW64) AppleWebKit/537.36 (KHTML, like Gecko) Chrome/49.0.2623.110 Safari/537.36"
113.61.46.156 - - [04/Oct/2019:16:20:22 +0800] "GET /static/assets/img/favicon.ico HTTP/1.1" 200 1150 "-" "Mozilla/5.0"
113.61.46.156 - - [04/Oct/2019:16:20:31 +0800] "GET /static/assets/img/favicon.ico HTTP/1.1" 200 1150 "-" "Mozilla/5.0"
113.61.46.156 - - [04/Oct/2019:16:20:31 +0800] "GET /major/batchHandle HTTP/1.1" 200 5054 "-" "Mozilla/5.0 (Windows NT 10.0; WOW64) AppleWebKit/537.36 (KHTML, like Gecko) Chrome/49.0.2623.110 Safari/537.36"
113.61.46.156 - - [04/Oct/2019:16:20:31 +0800] "GET /static/assets/img/favicon.ico HTTP/1.1" 200 1150 "-" "Mozilla/5.0"
113.61.46.156 - - [04/Oct/2019:16:20:32 +0800] "POST /major/batchSearch HTTP/1.1" 200 5053 "http://154.91.171.228:9898/major/batchHandle" "Mozilla/5.0 (Windows NT 10.0; WOW64) AppleWebKit/537.36 (KHTML, like Gecko) Chrome/49.0.2623.110 Safari/537.36"
113.61.46.156 - - [04/Oct/2019:16:20:33 +0800] "GET /static/assets/img/favicon.ico HTTP/1.1" 200 1150 "-" "Mozilla/5.0"
113.61.46.156 - - [04/Oct/2019:16:20:39 +0800] "POST /major/batchSearch HTTP/1.1" 200 5056 "http://154.91.171.228:9898/major/batchSearch" "Mozilla/5.0 (Windows NT 10.0; WOW64) AppleWebKit/537.36 (KHTML, like Gecko) Chrome/49.0.2623.110 Safari/537.36"
113.61.46.156 - - [04/Oct/2019:16:20:39 +0800] "GET /static/assets/img/favicon.ico HTTP/1.1" 200 1150 "-" "Mozilla/5.0"
113.61.46.156 - - [04/Oct/2019:16:20:42 +0800] "GET /static/assets/img/favicon.ico HTTP/1.1" 200 1150 "-" "Mozilla/5.0"
113.61.46.156 - - [04/Oct/2019:16:20:42 +0800] "GET /major/search HTTP/1.1" 200 4080 "-" "Mozilla/5.0 (Windows NT 10.0; WOW64) AppleWebKit/537.36 (KHTML, like Gecko) Chrome/49.0.2623.110 Safari/537.36"
113.61.46.156 - - [04/Oct/2019:16:20:42 +0800] "GET /static/assets/img/favicon.ico HTTP/1.1" 200 1150 "-" "Mozilla/5.0"
113.61.46.156 - - [04/Oct/2019:16:20:44 +0800] "GET /major/searchiofo/1?searchWord=13134389992&searchCode=1102 HTTP/1.1" 200 4762 "http://154.91.171.228:9898/major/search" "Mozilla/5.0 (Windows NT 10.0; WOW64) AppleWebKit/537.36 (KHTML, like Gecko) Chrome/49.0.2623.110 Safari/537.36"
113.61.46.156 - - [04/Oct/2019:16:20:44 +0800] "GET /static/assets/img/favicon.ico HTTP/1.1" 200 1150 "-" "Mozilla/5.0"
116.50.138.95 - - [04/Oct/2019:16:20:51 +0800] "POST /user/login HTTP/1.1" 302 0 "http://154.91.171.228:9898/user/login" "Mozilla/5.0 (Windows NT 6.1; Win64; x64) AppleWebKit/537.36 (KHTML, like Gecko) Chrome/77.0.3865.90 Safari/537.36"
116.50.138.95 - - [04/Oct/2019:16:20:51 +0800] "GET /major/index HTTP/1.1" 200 2013 "http://154.91.171.228:9898/user/login" "Mozilla/5.0 (Windows NT 6.1; Win64; x64) AppleWebKit/537.36 (KHTML, like Gecko) Chrome/77.0.3865.90 Safari/537.36"
116.50.138.95 - - [04/Oct/2019:16:20:51 +0800] "GET /static/assets/css/datepicker.css HTTP/1.1" 200 4420 "http://154.91.171.228:9898/major/index" "Mozilla/5.0 (Windows NT 6.1; Win64; x64) AppleWebKit/537.36 (KHTML, like Gecko) Chrome/77.0.3865.90 Safari/537.36"
116.50.138.95 - - [04/Oct/2019:16:20:51 +0800] "GET /static/assets/css/index.css HTTP/1.1" 200 2925 "http://154.91.171.228:9898/major/index" "Mozilla/5.0 (Windows NT 6.1; Win64; x64) AppleWebKit/537.36 (KHTML, like Gecko) Chrome/77.0.3865.90 Safari/537.36"
116.50.138.95 - - [04/Oct/2019:16:20:51 +0800] "GET /static/assets/vendors/perfect-scrollbar.jquery.min.js HTTP/1.1" 200 7417 "http://154.91.171.228:9898/major/index" "Mozilla/5.0 (Windows NT 6.1; Win64; x64) AppleWebKit/537.36 (KHTML, like Gecko) Chrome/77.0.3865.90 Safari/537.36"
116.50.138.95 - - [04/Oct/2019:16:20:51 +0800] "GET /static/assets/vendors/moment.min.js HTTP/1.1" 200 22403 "http://154.91.171.228:9898/major/index" "Mozilla/5.0 (Windows NT 6.1; Win64; x64) AppleWebKit/537.36 (KHTML, like Gecko) Chrome/77.0.3865.90 Safari/537.36"
116.50.138.95 - - [04/Oct/2019:16:20:51 +0800] "GET /static/assets/js/amaze.js HTTP/1.1" 200 2759 "http://154.91.171.228:9898/major/index" "Mozilla/5.0 (Windows NT 6.1; Win64; x64) AppleWebKit/537.36 (KHTML, like Gecko) Chrome/77.0.3865.90 Safari/537.36"
116.50.138.95 - - [04/Oct/2019:16:20:51 +0800] "GET /static/assets/vendors/datepicker.all.min.js HTTP/1.1" 200 13066 "http://154.91.171.228:9898/major/index" "Mozilla/5.0 (Windows NT 6.1; Win64; x64) AppleWebKit/537.36 (KHTML, like Gecko) Chrome/77.0.3865.90 Safari/537.36"
116.50.138.95 - - [04/Oct/2019:16:20:51 +0800] "GET /static/assets/js/index.js HTTP/1.1" 200 1060 "http://154.91.171.228:9898/major/index" "Mozilla/5.0 (Windows NT 6.1; Win64; x64) AppleWebKit/537.36 (KHTML, like Gecko) Chrome/77.0.3865.90 Safari/537.36"
116.50.138.95 - - [04/Oct/2019:16:20:52 +0800] "GET /static/assets/css/amaze.css HTTP/1.1" 200 67417 "http://154.91.171.228:9898/major/index" "Mozilla/5.0 (Windows NT 6.1; Win64; x64) AppleWebKit/537.36 (KHTML, like Gecko) Chrome/77.0.3865.90 Safari/537.36"
116.50.138.95 - - [04/Oct/2019:16:20:52 +0800] "GET /static/assets/img/homeicon.jpg HTTP/1.1" 200 2901 "http://154.91.171.228:9898/static/assets/css/index.css" "Mozilla/5.0 (Windows NT 6.1; Win64; x64) AppleWebKit/537.36 (KHTML, like Gecko) Chrome/77.0.3865.90 Safari/537.36"
116.50.138.95 - - [04/Oct/2019:16:20:52 +0800] "GET /static/assets/img/usericon.jpg HTTP/1.1" 200 3177 "http://154.91.171.228:9898/static/assets/css/index.css" "Mozilla/5.0 (Windows NT 6.1; Win64; x64) AppleWebKit/537.36 (KHTML, like Gecko) Chrome/77.0.3865.90 Safari/537.36"
116.50.138.95 - - [04/Oct/2019:16:20:53 +0800] "GET /static/assets/img/seticon.jpg HTTP/1.1" 200 2736 "http://154.91.171.228:9898/static/assets/css/index.css" "Mozilla/5.0 (Windows NT 6.1; Win64; x64) AppleWebKit/537.36 (KHTML, like Gecko) Chrome/77.0.3865.90 Safari/537.36"
116.50.138.95 - - [04/Oct/2019:16:20:52 +0800] "GET /static/assets/img/upldicon.jpg HTTP/1.1" 200 2788 "http://154.91.171.228:9898/static/assets/css/index.css" "Mozilla/5.0 (Windows NT 6.1; Win64; x64) AppleWebKit/537.36 (KHTML, like Gecko) Chrome/77.0.3865.90 Safari/537.36"
116.50.138.95 - - [04/Oct/2019:16:20:53 +0800] "GET /static/assets/img/searchicon.jpg HTTP/1.1" 200 3266 "http://154.91.171.228:9898/static/assets/css/index.css" "Mozilla/5.0 (Windows NT 6.1; Win64; x64) AppleWebKit/537.36 (KHTML, like Gecko) Chrome/77.0.3865.90 Safari/537.36"
116.50.138.95 - - [04/Oct/2019:16:20:52 +0800] "GET /static/assets/img/msgicon.jpg HTTP/1.1" 200 3378 "http://154.91.171.228:9898/static/assets/css/index.css" "Mozilla/5.0 (Windows NT 6.1; Win64; x64) AppleWebKit/537.36 (KHTML, like Gecko) Chrome/77.0.3865.90 Safari/537.36"
116.50.138.95 - - [04/Oct/2019:16:20:53 +0800] "GET /static/assets/img/homeb2.jpg HTTP/1.1" 200 9366 "http://154.91.171.228:9898/static/assets/css/index.css" "Mozilla/5.0 (Windows NT 6.1; Win64; x64) AppleWebKit/537.36 (KHTML, like Gecko) Chrome/77.0.3865.90 Safari/537.36"
116.50.138.95 - - [04/Oct/2019:16:20:53 +0800] "GET /static/assets/img/homeb1.jpg HTTP/1.1" 200 9977 "http://154.91.171.228:9898/static/assets/css/index.css" "Mozilla/5.0 (Windows NT 6.1; Win64; x64) AppleWebKit/537.36 (KHTML, like Gecko) Chrome/77.0.3865.90 Safari/537.36"
116.50.138.95 - - [04/Oct/2019:16:20:53 +0800] "GET /static/assets/img/holdericon.jpg HTTP/1.1" 200 2784 "http://154.91.171.228:9898/static/assets/css/index.css" "Mozilla/5.0 (Windows NT 6.1; Win64; x64) AppleWebKit/537.36 (KHTML, like Gecko) Chrome/77.0.3865.90 Safari/537.36"
116.50.138.95 - - [04/Oct/2019:16:20:53 +0800] "GET /static/assets/img/homeb3.jpg HTTP/1.1" 200 13429 "http://154.91.171.228:9898/static/assets/css/index.css" "Mozilla/5.0 (Windows NT 6.1; Win64; x64) AppleWebKit/537.36 (KHTML, like Gecko) Chrome/77.0.3865.90 Safari/537.36"
116.50.138.95 - - [04/Oct/2019:16:20:53 +0800] "GET /static/assets/img/logouticon.jpg HTTP/1.1" 200 2140 "http://154.91.171.228:9898/static/assets/css/index.css" "Mozilla/5.0 (Windows NT 6.1; Win64; x64) AppleWebKit/537.36 (KHTML, like Gecko) Chrome/77.0.3865.90 Safari/537.36"
113.61.46.156 - - [04/Oct/2019:16:20:53 +0800] "GET /static/assets/img/favicon.ico HTTP/1.1" 200 1150 "-" "Mozilla/5.0"
113.61.46.156 - - [04/Oct/2019:16:20:53 +0800] "GET /major/typemanage/1 HTTP/1.1" 200 2961 "-" "Mozilla/5.0 (Windows NT 10.0; WOW64) AppleWebKit/537.36 (KHTML, like Gecko) Chrome/49.0.2623.110 Safari/537.36"
113.61.46.156 - - [04/Oct/2019:16:20:54 +0800] "GET /static/assets/img/favicon.ico HTTP/1.1" 200 1150 "-" "Mozilla/5.0"
116.50.138.95 - - [04/Oct/2019:16:20:57 +0800] "GET /major/batchHandle HTTP/1.1" 200 5054 "http://154.91.171.228:9898/major/index" "Mozilla/5.0 (Windows NT 6.1; Win64; x64) AppleWebKit/537.36 (KHTML, like Gecko) Chrome/77.0.3865.90 Safari/537.36"
116.50.138.95 - - [04/Oct/2019:16:20:57 +0800] "GET /static/assets/img/updatepw.png HTTP/1.1" 200 1959 "http://154.91.171.228:9898/static/assets/css/index.css" "Mozilla/5.0 (Windows NT 6.1; Win64; x64) AppleWebKit/537.36 (KHTML, like Gecko) Chrome/77.0.3865.90 Safari/537.36"
113.61.46.156 - - [04/Oct/2019:16:21:09 +0800] "POST /major/typemanage/1 HTTP/1.1" 200 35 "http://154.91.171.228:9898/major/typemanage/1" "Mozilla/5.0 (Windows NT 10.0; WOW64) AppleWebKit/537.36 (KHTML, like Gecko) Chrome/49.0.2623.110 Safari/537.36"
113.61.46.156 - - [04/Oct/2019:16:21:10 +0800] "GET /major/typemanage/1 HTTP/1.1" 200 3053 "http://154.91.171.228:9898/major/typemanage/1" "Mozilla/5.0 (Windows NT 10.0; WOW64) AppleWebKit/537.36 (KHTML, like Gecko) Chrome/49.0.2623.110 Safari/537.36"
113.61.46.156 - - [04/Oct/2019:16:21:10 +0800] "POST /major/typemanage/1 HTTP/1.1" 499 0 "http://154.91.171.228:9898/major/typemanage/1" "Mozilla/5.0 (Windows NT 10.0; WOW64) AppleWebKit/537.36 (KHTML, like Gecko) Chrome/49.0.2623.110 Safari/537.36"
113.61.46.156 - - [04/Oct/2019:16:21:10 +0800] "GET /static/assets/img/delete-icon.jpg HTTP/1.1" 200 3458 "http://154.91.171.228:9898/major/typemanage/1" "Mozilla/5.0 (Windows NT 10.0; WOW64) AppleWebKit/537.36 (KHTML, like Gecko) Chrome/49.0.2623.110 Safari/537.36"
113.61.46.156 - - [04/Oct/2019:16:21:10 +0800] "GET /static/assets/img/favicon.ico HTTP/1.1" 200 1150 "-" "Mozilla/5.0"
113.61.46.156 - - [04/Oct/2019:16:21:11 +0800] "GET /static/assets/img/favicon.ico HTTP/1.1" 200 1150 "-" "Mozilla/5.0"
113.61.46.156 - - [04/Oct/2019:16:21:13 +0800] "GET /major/typemanage/1 HTTP/1.1" 499 0 "-" "Mozilla/5.0 (Windows NT 10.0; WOW64) AppleWebKit/537.36 (KHTML, like Gecko) Chrome/49.0.2623.110 Safari/537.36"
113.61.46.156 - - [04/Oct/2019:16:21:13 +0800] "GET /static/assets/img/favicon.ico HTTP/1.1" 200 1150 "-" "Mozilla/5.0"
113.61.46.156 - - [04/Oct/2019:16:21:14 +0800] "GET /major/search HTTP/1.1" 200 4083 "-" "Mozilla/5.0 (Windows NT 10.0; WOW64) AppleWebKit/537.36 (KHTML, like Gecko) Chrome/49.0.2623.110 Safari/537.36"
113.61.46.156 - - [04/Oct/2019:16:21:14 +0800] "GET /static/assets/img/favicon.ico HTTP/1.1" 200 1150 "-" "Mozilla/5.0"
113.61.46.156 - - [04/Oct/2019:16:21:16 +0800] "GET /major/searchiofo/1?searchWord=13134389992&searchCode=1102 HTTP/1.1" 200 4810 "http://154.91.171.228:9898/major/search" "Mozilla/5.0 (Windows NT 10.0; WOW64) AppleWebKit/537.36 (KHTML, like Gecko) Chrome/49.0.2623.110 Safari/537.36"
113.61.46.156 - - [04/Oct/2019:16:21:16 +0800] "GET /static/assets/img/favicon.ico HTTP/1.1" 200 1150 "-" "Mozilla/5.0"
113.61.46.156 - - [04/Oct/2019:16:21:24 +0800] "POST /major/send HTTP/1.1" 200 112 "http://154.91.171.228:9898/major/searchiofo/1?searchWord=13134389992&searchCode=1102" "Mozilla/5.0 (Windows NT 10.0; WOW64) AppleWebKit/537.36 (KHTML, like Gecko) Chrome/49.0.2623.110 Safari/537.36"
113.61.46.156 - - [04/Oct/2019:16:21:25 +0800] "GET /major/searchiofo/1?searchWord=13134389992&searchCode=1102 HTTP/1.1" 200 4714 "http://154.91.171.228:9898/major/searchiofo/1?searchWord=13134389992&searchCode=1102" "Mozilla/5.0 (Windows NT 10.0; WOW64) AppleWebKit/537.36 (KHTML, like Gecko) Chrome/49.0.2623.110 Safari/537.36"
113.61.46.156 - - [04/Oct/2019:16:21:25 +0800] "POST /major/send HTTP/1.1" 499 0 "http://154.91.171.228:9898/major/searchiofo/1?searchWord=13134389992&searchCode=1102" "Mozilla/5.0 (Windows NT 10.0; WOW64) AppleWebKit/537.36 (KHTML, like Gecko) Chrome/49.0.2623.110 Safari/537.36"
113.61.46.156 - - [04/Oct/2019:16:21:25 +0800] "POST /major/send HTTP/1.1" 499 0 "http://154.91.171.228:9898/major/searchiofo/1?searchWord=13134389992&searchCode=1102" "Mozilla/5.0 (Windows NT 10.0; WOW64) AppleWebKit/537.36 (KHTML, like Gecko) Chrome/49.0.2623.110 Safari/537.36"
113.61.46.156 - - [04/Oct/2019:16:21:25 +0800] "POST /major/send HTTP/1.1" 499 0 "http://154.91.171.228:9898/major/searchiofo/1?searchWord=13134389992&searchCode=1102" "Mozilla/5.0 (Windows NT 10.0; WOW64) AppleWebKit/537.36 (KHTML, like Gecko) Chrome/49.0.2623.110 Safari/537.36"
113.61.46.156 - - [04/Oct/2019:16:21:25 +0800] "POST /major/send HTTP/1.1" 499 0 "http://154.91.171.228:9898/major/searchiofo/1?searchWord=13134389992&searchCode=1102" "Mozilla/5.0 (Windows NT 10.0; WOW64) AppleWebKit/537.36 (KHTML, like Gecko) Chrome/49.0.2623.110 Safari/537.36"
113.61.46.156 - - [04/Oct/2019:16:21:25 +0800] "POST /major/send HTTP/1.1" 499 0 "http://154.91.171.228:9898/major/searchiofo/1?searchWord=13134389992&searchCode=1102" "Mozilla/5.0 (Windows NT 10.0; WOW64) AppleWebKit/537.36 (KHTML, like Gecko) Chrome/49.0.2623.110 Safari/537.36"
113.61.46.156 - - [04/Oct/2019:16:21:26 +0800] "GET /static/assets/img/favicon.ico HTTP/1.1" 200 1150 "-" "Mozilla/5.0"
113.61.46.156 - - [04/Oct/2019:16:21:33 +0800] "GET /static/assets/img/favicon.ico HTTP/1.1" 200 1150 "-" "Mozilla/5.0"
113.61.46.156 - - [04/Oct/2019:16:21:33 +0800] "GET /major/batchHandle HTTP/1.1" 200 5054 "-" "Mozilla/5.0 (Windows NT 10.0; WOW64) AppleWebKit/537.36 (KHTML, like Gecko) Chrome/49.0.2623.110 Safari/537.36"
113.61.46.156 - - [04/Oct/2019:16:21:33 +0800] "GET /static/assets/img/favicon.ico HTTP/1.1" 200 1150 "-" "Mozilla/5.0"
113.61.46.156 - - [04/Oct/2019:16:21:51 +0800] "POST /major/batchSearch HTTP/1.1" 200 5077 "http://154.91.171.228:9898/major/batchHandle" "Mozilla/5.0 (Windows NT 10.0; WOW64) AppleWebKit/537.36 (KHTML, like Gecko) Chrome/49.0.2623.110 Safari/537.36"
113.61.46.156 - - [04/Oct/2019:16:21:51 +0800] "GET /static/assets/img/favicon.ico HTTP/1.1" 200 1150 "-" "Mozilla/5.0"
113.61.46.156 - - [04/Oct/2019:16:22:08 +0800] "GET /static/assets/img/favicon.ico HTTP/1.1" 200 1150 "-" "Mozilla/5.0"
113.61.46.156 - - [04/Oct/2019:16:22:08 +0800] "GET /major/search HTTP/1.1" 200 4078 "-" "Mozilla/5.0 (Windows NT 10.0; WOW64) AppleWebKit/537.36 (KHTML, like Gecko) Chrome/49.0.2623.110 Safari/537.36"
113.61.46.156 - - [04/Oct/2019:16:22:08 +0800] "GET /static/assets/img/favicon.ico HTTP/1.1" 200 1150 "-" "Mozilla/5.0"
103.246.38.196 - - [04/Oct/2019:16:22:09 +0800] "GET / HTTP/1.1" 404 74 "-" "Mozilla/5.0 (Windows NT 6.1; Win64; x64) AppleWebKit/537.36 (KHTML, like Gecko) Chrome/77.0.3865.90 Safari/537.36"
113.61.46.156 - - [04/Oct/2019:16:22:10 +0800] "GET /static/assets/img/favicon.ico HTTP/1.1" 200 1150 "-" "Mozilla/5.0"
113.61.46.156 - - [04/Oct/2019:16:22:10 +0800] "GET /major/batchHandle HTTP/1.1" 200 5050 "-" "Mozilla/5.0 (Windows NT 10.0; WOW64) AppleWebKit/537.36 (KHTML, like Gecko) Chrome/49.0.2623.110 Safari/537.36"
113.61.46.156 - - [04/Oct/2019:16:22:10 +0800] "GET /static/assets/img/favicon.ico HTTP/1.1" 200 1150 "-" "Mozilla/5.0"
113.61.46.156 - - [04/Oct/2019:16:22:16 +0800] "POST /major/batchSearch HTTP/1.1" 200 5079 "http://154.91.171.228:9898/major/batchHandle" "Mozilla/5.0 (Windows NT 10.0; WOW64) AppleWebKit/537.36 (KHTML, like Gecko) Chrome/49.0.2623.110 Safari/537.36"
113.61.46.156 - - [04/Oct/2019:16:22:16 +0800] "GET /static/assets/img/favicon.ico HTTP/1.1" 200 1150 "-" "Mozilla/5.0"
103.246.38.196 - - [04/Oct/2019:16:22:35 +0800] "GET /major/batchHandle HTTP/1.1" 302 0 "-" "Mozilla/5.0 (Windows NT 6.1; Win64; x64) AppleWebKit/537.36 (KHTML, like Gecko) Chrome/77.0.3865.90 Safari/537.36"
103.246.38.196 - - [04/Oct/2019:16:22:35 +0800] "GET /user/login?next=/major/batchHandle HTTP/1.1" 200 7657 "-" "Mozilla/5.0 (Windows NT 6.1; Win64; x64) AppleWebKit/537.36 (KHTML, like Gecko) Chrome/77.0.3865.90 Safari/537.36"
113.61.46.156 - - [04/Oct/2019:16:22:36 +0800] "POST /major/batchSearch HTTP/1.1" 200 5079 "http://154.91.171.228:9898/major/batchSearch" "Mozilla/5.0 (Windows NT 10.0; WOW64) AppleWebKit/537.36 (KHTML, like Gecko) Chrome/49.0.2623.110 Safari/537.36"
113.61.46.156 - - [04/Oct/2019:16:22:36 +0800] "GET /static/assets/img/favicon.ico HTTP/1.1" 200 1150 "-" "Mozilla/5.0"
113.61.46.156 - - [04/Oct/2019:16:23:40 +0800] "POST /major/batchSearch HTTP/1.1" 200 5078 "http://154.91.171.228:9898/major/batchSearch" "Mozilla/5.0 (Windows NT 10.0; WOW64) AppleWebKit/537.36 (KHTML, like Gecko) Chrome/49.0.2623.110 Safari/537.36"
113.61.46.156 - - [04/Oct/2019:16:23:40 +0800] "GET /static/assets/img/favicon.ico HTTP/1.1" 200 1150 "-" "Mozilla/5.0"
113.61.46.156 - - [04/Oct/2019:16:23:41 +0800] "GET /static/assets/img/favicon.ico HTTP/1.1" 200 1150 "-" "Mozilla/5.0"
113.61.46.156 - - [04/Oct/2019:16:23:41 +0800] "GET /major/search HTTP/1.1" 200 4078 "-" "Mozilla/5.0 (Windows NT 10.0; WOW64) AppleWebKit/537.36 (KHTML, like Gecko) Chrome/49.0.2623.110 Safari/537.36"
113.61.46.156 - - [04/Oct/2019:16:23:41 +0800] "GET /static/assets/img/favicon.ico HTTP/1.1" 200 1150 "-" "Mozilla/5.0"
113.61.46.156 - - [04/Oct/2019:16:23:49 +0800] "GET /major/searchiofo/1?searchWord=16604650469+15534699993+18508765897+15641295278+13235502116+13235502116+16673406615696668939+15678711368+18571751813+18627846612+13112166722+17623744881+18565446410+13290836038+18671741787+13260551108+17673657133+15513118323+17635767117&searchCode=1102 HTTP/1.1" 200 4118 "http://154.91.171.228:9898/major/search" "Mozilla/5.0 (Windows NT 10.0; WOW64) AppleWebKit/537.36 (KHTML, like Gecko) Chrome/49.0.2623.110 Safari/537.36"
113.61.46.156 - - [04/Oct/2019:16:23:49 +0800] "GET /static/assets/img/favicon.ico HTTP/1.1" 200 1150 "-" "Mozilla/5.0"
113.61.46.156 - - [04/Oct/2019:16:23:58 +0800] "GET /major/searchiofo/1?searchWord=16604650469+15534699993+18508765897+15641295278+13235502116+13235502116+16673406656+156966689391567871136818571751813+18627846612+13112166722+17623744881+18565446410+13290836038+18671741787+13260551108+17673657133+15513118323+17635767117&searchCode=1102 HTTP/1.1" 200 4117 "http://154.91.171.228:9898/major/searchiofo/1?searchWord=16604650469+15534699993+18508765897+15641295278+13235502116+13235502116+16673406615696668939+15678711368+18571751813+18627846612+13112166722+17623744881+18565446410+13290836038+18671741787+13260551108+17673657133+15513118323+17635767117&searchCode=1102" "Mozilla/5.0 (Windows NT 10.0; WOW64) AppleWebKit/537.36 (KHTML, like Gecko) Chrome/49.0.2623.110 Safari/537.36"
113.61.46.156 - - [04/Oct/2019:16:23:58 +0800] "GET /static/assets/img/favicon.ico HTTP/1.1" 200 1150 "-" "Mozilla/5.0"
116.50.138.95 - - [04/Oct/2019:16:23:58 +0800] "GET /static/assets/css/amaze.css.map HTTP/1.1" 404 548 "-" "Mozilla/5.0 (Windows NT 6.1; Win64; x64) AppleWebKit/537.36 (KHTML, like Gecko) Chrome/77.0.3865.90 Safari/537.36"
116.50.138.95 - - [04/Oct/2019:16:24:09 +0800] "POST /major/batchSearch HTTP/1.1" 200 5078 "http://154.91.171.228:9898/major/batchHandle" "Mozilla/5.0 (Windows NT 6.1; Win64; x64) AppleWebKit/537.36 (KHTML, like Gecko) Chrome/77.0.3865.90 Safari/537.36"
116.50.138.95 - - [04/Oct/2019:16:24:09 +0800] "GET /static/assets/css/amaze.css.map HTTP/1.1" 404 548 "-" "Mozilla/5.0 (Windows NT 6.1; Win64; x64) AppleWebKit/537.36 (KHTML, like Gecko) Chrome/77.0.3865.90 Safari/537.36"
113.61.46.156 - - [04/Oct/2019:16:24:11 +0800] "GET /static/assets/img/favicon.ico HTTP/1.1" 200 1150 "-" "Mozilla/5.0"
113.61.46.156 - - [04/Oct/2019:16:24:11 +0800] "GET /major/search HTTP/1.1" 200 4078 "-" "Mozilla/5.0 (Windows NT 10.0; WOW64) AppleWebKit/537.36 (KHTML, like Gecko) Chrome/49.0.2623.110 Safari/537.36"
113.61.46.156 - - [04/Oct/2019:16:24:11 +0800] "GET /static/assets/img/favicon.ico HTTP/1.1" 200 1150 "-" "Mozilla/5.0"
113.61.46.156 - - [04/Oct/2019:16:24:12 +0800] "GET /static/assets/img/favicon.ico HTTP/1.1" 200 1150 "-" "Mozilla/5.0"
113.61.46.156 - - [04/Oct/2019:16:24:12 +0800] "GET /major/batchHandle HTTP/1.1" 200 5054 "-" "Mozilla/5.0 (Windows NT 10.0; WOW64) AppleWebKit/537.36 (KHTML, like Gecko) Chrome/49.0.2623.110 Safari/537.36"
113.61.46.156 - - [04/Oct/2019:16:24:12 +0800] "GET /static/assets/img/favicon.ico HTTP/1.1" 200 1150 "-" "Mozilla/5.0"
116.50.138.95 - - [04/Oct/2019:16:24:14 +0800] "POST /major/batchSearch HTTP/1.1" 200 5081 "http://154.91.171.228:9898/major/batchSearch" "Mozilla/5.0 (Windows NT 6.1; Win64; x64) AppleWebKit/537.36 (KHTML, like Gecko) Chrome/77.0.3865.90 Safari/537.36"
116.50.138.95 - - [04/Oct/2019:16:24:14 +0800] "GET /static/assets/css/amaze.css.map HTTP/1.1" 404 548 "-" "Mozilla/5.0 (Windows NT 6.1; Win64; x64) AppleWebKit/537.36 (KHTML, like Gecko) Chrome/77.0.3865.90 Safari/537.36"
116.50.138.95 - - [04/Oct/2019:16:24:17 +0800] "GET /major/search HTTP/1.1" 200 4079 "http://154.91.171.228:9898/major/batchSearch" "Mozilla/5.0 (Windows NT 6.1; Win64; x64) AppleWebKit/537.36 (KHTML, like Gecko) Chrome/77.0.3865.90 Safari/537.36"
116.50.138.95 - - [04/Oct/2019:16:24:17 +0800] "GET /static/assets/css/amaze.css.map HTTP/1.1" 404 548 "-" "Mozilla/5.0 (Windows NT 6.1; Win64; x64) AppleWebKit/537.36 (KHTML, like Gecko) Chrome/77.0.3865.90 Safari/537.36"
116.50.138.95 - - [04/Oct/2019:16:24:20 +0800] "GET /major/searchiofo/1?searchWord=13113107626&searchCode=1102 HTTP/1.1" 200 4810 "http://154.91.171.228:9898/major/search" "Mozilla/5.0 (Windows NT 6.1; Win64; x64) AppleWebKit/537.36 (KHTML, like Gecko) Chrome/77.0.3865.90 Safari/537.36"
116.50.138.95 - - [04/Oct/2019:16:24:20 +0800] "GET /static/assets/img/list.png HTTP/1.1" 200 1805 "http://154.91.171.228:9898/static/assets/css/index.css" "Mozilla/5.0 (Windows NT 6.1; Win64; x64) AppleWebKit/537.36 (KHTML, like Gecko) Chrome/77.0.3865.90 Safari/537.36"
116.50.138.95 - - [04/Oct/2019:16:24:20 +0800] "GET /static/assets/css/amaze.css.map HTTP/1.1" 404 548 "-" "Mozilla/5.0 (Windows NT 6.1; Win64; x64) AppleWebKit/537.36 (KHTML, like Gecko) Chrome/77.0.3865.90 Safari/537.36"
116.50.138.95 - - [04/Oct/2019:16:24:30 +0800] "GET /major/batchHandle HTTP/1.1" 200 5054 "http://154.91.171.228:9898/major/searchiofo/1?searchWord=13113107626&searchCode=1102" "Mozilla/5.0 (Windows NT 6.1; Win64; x64) AppleWebKit/537.36 (KHTML, like Gecko) Chrome/77.0.3865.90 Safari/537.36"
116.50.138.95 - - [04/Oct/2019:16:24:31 +0800] "GET /static/assets/css/amaze.css.map HTTP/1.1" 404 548 "-" "Mozilla/5.0 (Windows NT 6.1; Win64; x64) AppleWebKit/537.36 (KHTML, like Gecko) Chrome/77.0.3865.90 Safari/537.36"
116.50.138.95 - - [04/Oct/2019:16:24:55 +0800] "GET /major/search HTTP/1.1" 200 4083 "http://154.91.171.228:9898/major/batchHandle" "Mozilla/5.0 (Windows NT 6.1; Win64; x64) AppleWebKit/537.36 (KHTML, like Gecko) Chrome/77.0.3865.90 Safari/537.36"
116.50.138.95 - - [04/Oct/2019:16:24:56 +0800] "GET /static/assets/css/amaze.css.map HTTP/1.1" 404 548 "-" "Mozilla/5.0 (Windows NT 6.1; Win64; x64) AppleWebKit/537.36 (KHTML, like Gecko) Chrome/77.0.3865.90 Safari/537.36"
116.50.138.95 - - [04/Oct/2019:16:25:00 +0800] "GET /major/searchiofo/1?searchWord=1300232006&searchCode=1102 HTTP/1.1" 200 4116 "http://154.91.171.228:9898/major/search" "Mozilla/5.0 (Windows NT 6.1; Win64; x64) AppleWebKit/537.36 (KHTML, like Gecko) Chrome/77.0.3865.90 Safari/537.36"
116.50.138.95 - - [04/Oct/2019:16:25:00 +0800] "GET /static/assets/css/amaze.css.map HTTP/1.1" 404 548 "-" "Mozilla/5.0 (Windows NT 6.1; Win64; x64) AppleWebKit/537.36 (KHTML, like Gecko) Chrome/77.0.3865.90 Safari/537.36"
116.50.138.95 - - [04/Oct/2019:16:25:02 +0800] "GET /major/batchHandle HTTP/1.1" 200 5053 "http://154.91.171.228:9898/major/searchiofo/1?searchWord=1300232006&searchCode=1102" "Mozilla/5.0 (Windows NT 6.1; Win64; x64) AppleWebKit/537.36 (KHTML, like Gecko) Chrome/77.0.3865.90 Safari/537.36"
116.50.138.95 - - [04/Oct/2019:16:25:02 +0800] "GET /static/assets/css/amaze.css.map HTTP/1.1" 404 548 "-" "Mozilla/5.0 (Windows NT 6.1; Win64; x64) AppleWebKit/537.36 (KHTML, like Gecko) Chrome/77.0.3865.90 Safari/537.36"
116.50.138.95 - - [04/Oct/2019:16:25:09 +0800] "POST /major/batchSearch HTTP/1.1" 200 5081 "http://154.91.171.228:9898/major/batchHandle" "Mozilla/5.0 (Windows NT 6.1; Win64; x64) AppleWebKit/537.36 (KHTML, like Gecko) Chrome/77.0.3865.90 Safari/537.36"
116.50.138.95 - - [04/Oct/2019:16:25:10 +0800] "GET /static/assets/css/amaze.css.map HTTP/1.1" 404 548 "-" "Mozilla/5.0 (Windows NT 6.1; Win64; x64) AppleWebKit/537.36 (KHTML, like Gecko) Chrome/77.0.3865.90 Safari/537.36"
116.50.138.95 - - [04/Oct/2019:16:25:12 +0800] "GET /major/batchHandle HTTP/1.1" 200 5054 "http://154.91.171.228:9898/major/batchSearch" "Mozilla/5.0 (Windows NT 6.1; Win64; x64) AppleWebKit/537.36 (KHTML, like Gecko) Chrome/77.0.3865.90 Safari/537.36"
116.50.138.95 - - [04/Oct/2019:16:25:12 +0800] "GET /static/assets/css/amaze.css.map HTTP/1.1" 404 548 "-" "Mozilla/5.0 (Windows NT 6.1; Win64; x64) AppleWebKit/537.36 (KHTML, like Gecko) Chrome/77.0.3865.90 Safari/537.36"
